Archive member included to satisfy reference by file (symbol)

/mnt/e/APP/RV64_GCC/riscv64-unknown-elf-gcc-8.3.0-2020.04.0-x86_64-linux-ubuntu14/bin/../lib/gcc/riscv64-unknown-elf/8.3.0/../../../../riscv64-unknown-elf/lib/rv32imac/ilp32/libc_nano.a(lib_a-puts.o)
                              /tmp/ccUsOrsS.o (puts)
/mnt/e/APP/RV64_GCC/riscv64-unknown-elf-gcc-8.3.0-2020.04.0-x86_64-linux-ubuntu14/bin/../lib/gcc/riscv64-unknown-elf/8.3.0/../../../../riscv64-unknown-elf/lib/rv32imac/ilp32/libc_nano.a(lib_a-wbuf.o)
                              /mnt/e/APP/RV64_GCC/riscv64-unknown-elf-gcc-8.3.0-2020.04.0-x86_64-linux-ubuntu14/bin/../lib/gcc/riscv64-unknown-elf/8.3.0/../../../../riscv64-unknown-elf/lib/rv32imac/ilp32/libc_nano.a(lib_a-puts.o) (__swbuf_r)
/mnt/e/APP/RV64_GCC/riscv64-unknown-elf-gcc-8.3.0-2020.04.0-x86_64-linux-ubuntu14/bin/../lib/gcc/riscv64-unknown-elf/8.3.0/../../../../riscv64-unknown-elf/lib/rv32imac/ilp32/libc_nano.a(lib_a-wsetup.o)
                              /mnt/e/APP/RV64_GCC/riscv64-unknown-elf-gcc-8.3.0-2020.04.0-x86_64-linux-ubuntu14/bin/../lib/gcc/riscv64-unknown-elf/8.3.0/../../../../riscv64-unknown-elf/lib/rv32imac/ilp32/libc_nano.a(lib_a-puts.o) (__swsetup_r)
/mnt/e/APP/RV64_GCC/riscv64-unknown-elf-gcc-8.3.0-2020.04.0-x86_64-linux-ubuntu14/bin/../lib/gcc/riscv64-unknown-elf/8.3.0/../../../../riscv64-unknown-elf/lib/rv32imac/ilp32/libc_nano.a(lib_a-fflush.o)
                              /mnt/e/APP/RV64_GCC/riscv64-unknown-elf-gcc-8.3.0-2020.04.0-x86_64-linux-ubuntu14/bin/../lib/gcc/riscv64-unknown-elf/8.3.0/../../../../riscv64-unknown-elf/lib/rv32imac/ilp32/libc_nano.a(lib_a-wbuf.o) (_fflush_r)
/mnt/e/APP/RV64_GCC/riscv64-unknown-elf-gcc-8.3.0-2020.04.0-x86_64-linux-ubuntu14/bin/../lib/gcc/riscv64-unknown-elf/8.3.0/../../../../riscv64-unknown-elf/lib/rv32imac/ilp32/libc_nano.a(lib_a-findfp.o)
                              /mnt/e/APP/RV64_GCC/riscv64-unknown-elf-gcc-8.3.0-2020.04.0-x86_64-linux-ubuntu14/bin/../lib/gcc/riscv64-unknown-elf/8.3.0/../../../../riscv64-unknown-elf/lib/rv32imac/ilp32/libc_nano.a(lib_a-puts.o) (__sinit)
/mnt/e/APP/RV64_GCC/riscv64-unknown-elf-gcc-8.3.0-2020.04.0-x86_64-linux-ubuntu14/bin/../lib/gcc/riscv64-unknown-elf/8.3.0/../../../../riscv64-unknown-elf/lib/rv32imac/ilp32/libc_nano.a(lib_a-fwalk.o)
                              /mnt/e/APP/RV64_GCC/riscv64-unknown-elf-gcc-8.3.0-2020.04.0-x86_64-linux-ubuntu14/bin/../lib/gcc/riscv64-unknown-elf/8.3.0/../../../../riscv64-unknown-elf/lib/rv32imac/ilp32/libc_nano.a(lib_a-findfp.o) (_fwalk)
/mnt/e/APP/RV64_GCC/riscv64-unknown-elf-gcc-8.3.0-2020.04.0-x86_64-linux-ubuntu14/bin/../lib/gcc/riscv64-unknown-elf/8.3.0/../../../../riscv64-unknown-elf/lib/rv32imac/ilp32/libc_nano.a(lib_a-impure.o)
                              /mnt/e/APP/RV64_GCC/riscv64-unknown-elf-gcc-8.3.0-2020.04.0-x86_64-linux-ubuntu14/bin/../lib/gcc/riscv64-unknown-elf/8.3.0/../../../../riscv64-unknown-elf/lib/rv32imac/ilp32/libc_nano.a(lib_a-fflush.o) (_global_impure_ptr)
/mnt/e/APP/RV64_GCC/riscv64-unknown-elf-gcc-8.3.0-2020.04.0-x86_64-linux-ubuntu14/bin/../lib/gcc/riscv64-unknown-elf/8.3.0/../../../../riscv64-unknown-elf/lib/rv32imac/ilp32/libc_nano.a(lib_a-makebuf.o)
                              /mnt/e/APP/RV64_GCC/riscv64-unknown-elf-gcc-8.3.0-2020.04.0-x86_64-linux-ubuntu14/bin/../lib/gcc/riscv64-unknown-elf/8.3.0/../../../../riscv64-unknown-elf/lib/rv32imac/ilp32/libc_nano.a(lib_a-wsetup.o) (__smakebuf_r)
/mnt/e/APP/RV64_GCC/riscv64-unknown-elf-gcc-8.3.0-2020.04.0-x86_64-linux-ubuntu14/bin/../lib/gcc/riscv64-unknown-elf/8.3.0/../../../../riscv64-unknown-elf/lib/rv32imac/ilp32/libc_nano.a(lib_a-memset.o)
                              /mnt/e/APP/RV64_GCC/riscv64-unknown-elf-gcc-8.3.0-2020.04.0-x86_64-linux-ubuntu14/bin/../lib/gcc/riscv64-unknown-elf/8.3.0/../../../../riscv64-unknown-elf/lib/rv32imac/ilp32/libc_nano.a(lib_a-findfp.o) (memset)
/mnt/e/APP/RV64_GCC/riscv64-unknown-elf-gcc-8.3.0-2020.04.0-x86_64-linux-ubuntu14/bin/../lib/gcc/riscv64-unknown-elf/8.3.0/../../../../riscv64-unknown-elf/lib/rv32imac/ilp32/libc_nano.a(lib_a-nano-freer.o)
                              /mnt/e/APP/RV64_GCC/riscv64-unknown-elf-gcc-8.3.0-2020.04.0-x86_64-linux-ubuntu14/bin/../lib/gcc/riscv64-unknown-elf/8.3.0/../../../../riscv64-unknown-elf/lib/rv32imac/ilp32/libc_nano.a(lib_a-wsetup.o) (_free_r)
/mnt/e/APP/RV64_GCC/riscv64-unknown-elf-gcc-8.3.0-2020.04.0-x86_64-linux-ubuntu14/bin/../lib/gcc/riscv64-unknown-elf/8.3.0/../../../../riscv64-unknown-elf/lib/rv32imac/ilp32/libc_nano.a(lib_a-nano-mallocr.o)
                              /mnt/e/APP/RV64_GCC/riscv64-unknown-elf-gcc-8.3.0-2020.04.0-x86_64-linux-ubuntu14/bin/../lib/gcc/riscv64-unknown-elf/8.3.0/../../../../riscv64-unknown-elf/lib/rv32imac/ilp32/libc_nano.a(lib_a-findfp.o) (_malloc_r)
/mnt/e/APP/RV64_GCC/riscv64-unknown-elf-gcc-8.3.0-2020.04.0-x86_64-linux-ubuntu14/bin/../lib/gcc/riscv64-unknown-elf/8.3.0/../../../../riscv64-unknown-elf/lib/rv32imac/ilp32/libc_nano.a(lib_a-sbrkr.o)
[...]
Memory Configuration

Name             Origin             Length             Attributes
itim             0x0000000008000000 0x0000000000002000 axrwl
ram              0x0000000080000000 0x0000000000004000 arw !xl
rom              0x0000000020010000 0x000000000006a120 xrl !aw
*default*        0x0000000000000000 0xffffffffffffffff

Linker script and memory map

LOAD /tmp/ccUsOrsS.o
START GROUP
LOAD /mnt/e/APP/RV64_GCC/riscv64-unknown-elf-gcc-8.3.0-2020.04.0-x86_64-linux-ubuntu14/bin/../lib/gcc/riscv64-unknown-elf/8.3.0/../../../../riscv64-unknown-elf/lib/rv32imac/ilp32/libc_nano.a
LOAD /mnt/e/APP/RV64_GCC/riscv64-unknown-elf-gcc-8.3.0-2020.04.0-x86_64-linux-ubuntu14/bin/../lib/gcc/riscv64-unknown-elf/8.3.0/rv32imac/ilp32/libgcc.a
LOAD /mnt/e/APP/RV64_GCC/riscv64-unknown-elf-gcc-8.3.0-2020.04.0-x86_64-linux-ubuntu14/bin/../lib/gcc/riscv64-unknown-elf/8.3.0/../../../../riscv64-unknown-elf/lib/rv32imac/ilp32/libm.a
LOAD /mnt/e/PostGraduate/Cryptography/Code/Saber_RV32/bsp/install/lib/debug//libmetal.a
LOAD /mnt/e/PostGraduate/Cryptography/Code/Saber_RV32/bsp/install/lib/debug//libmetal-gloss.a
END GROUP
                0x0000000000000400                __stack_size = DEFINED (__stack_size)?__stack_size:0x400
                [!provide]                        PROVIDE (__stack_size = __stack_size)
                0x0000000000000800                __heap_size = DEFINED (__heap_size)?__heap_size:0x800
                0x0000000000000000                PROVIDE (__metal_boot_hart = 0x0)
                0x0000000000000001                PROVIDE (__metal_chicken_bit = 0x1)
                0x0000000000000000                PROVIDE (__metal_eccscrub_bit = 0x0)
                [!provide]                        PROVIDE (metal_dtim_0_memory_start = 0x80000000)
                [!provide]                        PROVIDE (metal_dtim_0_memory_end = 0x80004000)
                [!provide]                        PROVIDE (metal_itim_0_memory_start = 0x8000000)
                [!provide]                        PROVIDE (metal_itim_0_memory_end = 0x8002000)

.init           0x0000000020010000      0x2da
 *(.text.metal.init.enter)
 .text.metal.init.enter
                0x0000000020010000       0x90 /mnt/e/PostGraduate/Cryptography/Code/Saber_RV32/bsp/install/lib/debug//libmetal.a(entry.o)
                0x0000000020010000                _enter
 *(.text.metal.init.*)
 .text.metal.init.__register_frame_info
                0x0000000020010090        0x2 /mnt/e/PostGraduate/Cryptography/Code/Saber_RV32/bsp/install/lib/debug//libmetal.a(entry.o)
                0x0000000020010090                __register_frame_info
 .text.metal.init.scrub
                0x0000000020010092       0xaa /mnt/e/PostGraduate/Cryptography/Code/Saber_RV32/bsp/install/lib/debug//libmetal.a(scrub.o)
                0x0000000020010092                metal_mem_scrub
                0x00000000200100d6                __metal_before_start
 *fill*         0x000000002001013c        0x0 
 .text.metal.init.trapvec
                0x000000002001013c        0xe /mnt/e/PostGraduate/Cryptography/Code/Saber_RV32/bsp/install/lib/debug//libmetal.a(trap.o)
                0x000000002001013c                early_trap_vector
 *(SORT_NONE(.init))
 .init          0x000000002001014a        0x2 /mnt/e/PostGraduate/Cryptography/Code/Saber_RV32/bsp/install/lib/debug//libmetal.a(synchronize_harts.o)
                0x000000002001014a                __metal_synchronize_harts
 *(.text.libgloss.start)
 .text.libgloss.start
                0x000000002001014c      0x18e /mnt/e/PostGraduate/Cryptography/Code/Saber_RV32/bsp/install/lib/debug//libmetal-gloss.a(crt0.o)
                0x000000002001014c                _start
                0x00000000200102b8                _init
                0x00000000200102b8                _fini
                0x00000000200102ba                secondary_main

.fini
 *(SORT_NONE(.fini))

.preinit_array  0x00000000200102e0        0x0
                0x00000000200102e0                PROVIDE (__preinit_array_start = .)
 *(.preinit_array)
                0x00000000200102e0                PROVIDE (__preinit_array_end = .)

.init_array     0x00000000200102e0        0xc
                0x00000000200102e0                PROVIDE (__init_array_start = .)
 *(SORT_BY_INIT_PRIORITY(.init_array.*) SORT_BY_INIT_PRIORITY(.ctors.*))
 *(.init_array EXCLUDE_FILE(*crtend?.o *crtend.o *crtbegin?.o *crtbegin.o) .ctors)
                0x00000000200102e0                PROVIDE (__init_array_end = .)
                0x00000000200102e0                PROVIDE (metal_constructors_start = .)
 *(SORT_BY_INIT_PRIORITY(.metal.init_array.*))
 .metal.init_array.5000
                0x00000000200102e0        0x4 /mnt/e/PostGraduate/Cryptography/Code/Saber_RV32/bsp/install/lib/debug//libmetal.a(tty.o)
                0x00000000200102e0                _metal_tty_init_ptr
 .metal.init_array.5000
                0x00000000200102e4        0x8 /mnt/e/PostGraduate/Cryptography/Code/Saber_RV32/bsp/install/lib/debug//libmetal.a(sifive_fe310-g000_pll.o)
                0x00000000200102e4                _use_hfxosc_ptr
                0x00000000200102e8                _metal_sifive_fe310_g000_pll_init_ptr
 *(.metal.init_array)
                0x00000000200102ec                PROVIDE (metal_constructors_end = .)

.fini_array     0x00000000200102f0        0x0
                0x00000000200102f0                PROVIDE (__fini_array_start = .)
 *(SORT_BY_INIT_PRIORITY(.fini_array.*) SORT_BY_INIT_PRIORITY(.dtors.*))
 *(.fini_array EXCLUDE_FILE(*crtend?.o *crtend.o *crtbegin?.o *crtbegin.o) .dtors)
                0x00000000200102f0                PROVIDE (__fini_array_end = .)
                0x00000000200102f0                PROVIDE (metal_destructors_start = .)
 *(SORT_BY_INIT_PRIORITY(.metal.fini_array.*))
 *(.metal.fini_array)
                0x00000000200102f0                PROVIDE (metal_destructors_end = .)

.ctors          0x00000000200102ec       0x70
 *crtbegin.o(.ctors)
 *crtbegin?.o(.ctors)
 *(EXCLUDE_FILE(*crtend?.o *crtend.o) .ctors)
 *(SORT_BY_NAME(.ctors.*))
 *(.ctors)
 *(.metal.ctors .metal.ctors.*)
 .metal.ctors   0x00000000200102ec       0x18 /mnt/e/PostGraduate/Cryptography/Code/Saber_RV32/bsp/install/lib/debug//libmetal.a(tty.o)
                0x00000000200102ec                metal_tty_init
 .metal.ctors   0x0000000020010304       0x58 /mnt/e/PostGraduate/Cryptography/Code/Saber_RV32/bsp/install/lib/debug//libmetal.a(sifive_fe310-g000_pll.o)
                0x0000000020010304                metal_sifive_fe310_g000_pll_init
                0x0000000020010310                use_hfxosc

.dtors
 *crtbegin.o(.dtors)
 *crtbegin?.o(.dtors)
 *(EXCLUDE_FILE(*crtend?.o *crtend.o) .dtors)
 *(SORT_BY_NAME(.dtors.*))
 *(.dtors)
 *(.metal.dtors .metal.dtors.*)

.rodata         0x000000002001035c      0xcc4
 *(.rdata)
 *(.rodata .rodata.*)
 .rodata.main.str1.4
                0x000000002001035c       0x14 /tmp/ccUsOrsS.o
                                         0x11 (size before relaxing)
 .rodata.__sf_fake_stderr
                0x0000000020010370       0x20 /mnt/e/APP/RV64_GCC/riscv64-unknown-elf-gcc-8.3.0-2020.04.0-x86_64-linux-ubuntu14/bin/../lib/gcc/riscv64-unknown-elf/8.3.0/../../../../riscv64-unknown-elf/lib/rv32imac/ilp32/libc_nano.a(lib_a-findfp.o)
                0x0000000020010370                __sf_fake_stderr
 .rodata.__sf_fake_stdin
                0x0000000020010390       0x20 /mnt/e/APP/RV64_GCC/riscv64-unknown-elf-gcc-8.3.0-2020.04.0-x86_64-linux-ubuntu14/bin/../lib/gcc/riscv64-unknown-elf/8.3.0/../../../../riscv64-unknown-elf/lib/rv32imac/ilp32/libc_nano.a(lib_a-findfp.o)
                0x0000000020010390                __sf_fake_stdin
 .rodata.__sf_fake_stdout
                0x00000000200103b0       0x20 /mnt/e/APP/RV64_GCC/riscv64-unknown-elf-gcc-8.3.0-2020.04.0-x86_64-linux-ubuntu14/bin/../lib/gcc/riscv64-unknown-elf/8.3.0/../../../../riscv64-unknown-elf/lib/rv32imac/ilp32/libc_nano.a(lib_a-findfp.o)
                0x00000000200103b0                __sf_fake_stdout
 .rodata.libgloss.start
                0x00000000200103d0       0x11 /mnt/e/PostGraduate/Cryptography/Code/Saber_RV32/bsp/install/lib/debug//libmetal-gloss.a(crt0.o)
 *fill*         0x00000000200103e1        0x3 
 .rodata.__metal_driver_vtable_riscv_clint0
                0x00000000200103e4       0x64 /mnt/e/PostGraduate/Cryptography/Code/Saber_RV32/bsp/install/lib/debug//libmetal.a(riscv_clint0.o)
                0x00000000200103e4                __metal_driver_vtable_riscv_clint0
 .rodata.__metal_driver_riscv_cpu_controller_interrupt_register
                0x0000000020010448       0x74 /mnt/e/PostGraduate/Cryptography/Code/Saber_RV32/bsp/install/lib/debug//libmetal.a(riscv_cpu.o)
 .rodata.__metal_driver_riscv_cpu_controller_interrupt_disable
                0x00000000200104bc       0x80 /mnt/e/PostGraduate/Cryptography/Code/Saber_RV32/bsp/install/lib/debug//libmetal.a(riscv_cpu.o)
 .rodata.__metal_driver_riscv_cpu_controller_interrupt_enable
                0x000000002001053c       0x80 /mnt/e/PostGraduate/Cryptography/Code/Saber_RV32/bsp/install/lib/debug//libmetal.a(riscv_cpu.o)
 .rodata.CSWTCH.18
                0x00000000200105bc        0xc /mnt/e/PostGraduate/Cryptography/Code/Saber_RV32/bsp/install/lib/debug//libmetal.a(riscv_cpu.o)
 .rodata.__metal_driver_vtable_cpu
                0x00000000200105c8       0x44 /mnt/e/PostGraduate/Cryptography/Code/Saber_RV32/bsp/install/lib/debug//libmetal.a(riscv_cpu.o)
                0x00000000200105c8                __metal_driver_vtable_cpu
 .rodata.__metal_driver_vtable_riscv_cpu_intc
                0x000000002001060c       0x64 /mnt/e/PostGraduate/Cryptography/Code/Saber_RV32/bsp/install/lib/debug//libmetal.a(riscv_cpu.o)
                0x000000002001060c                __metal_driver_vtable_riscv_cpu_intc
 .rodata.__metal_driver_vtable_riscv_plic0
                0x0000000020010670       0x64 /mnt/e/PostGraduate/Cryptography/Code/Saber_RV32/bsp/install/lib/debug//libmetal.a(riscv_plic0.o)
                0x0000000020010670                __metal_driver_vtable_riscv_plic0
 .rodata.__metal_driver_vtable_sifive_fe310_g000_pll
                0x00000000200106d4        0xc /mnt/e/PostGraduate/Cryptography/Code/Saber_RV32/bsp/install/lib/debug//libmetal.a(sifive_fe310-g000_pll.o)
                0x00000000200106d4                __metal_driver_vtable_sifive_fe310_g000_pll
 .rodata.pll_configs
                0x00000000200106e0      0x880 /mnt/e/PostGraduate/Cryptography/Code/Saber_RV32/bsp/install/lib/debug//libmetal.a(sifive_fe310-g000_pll.o)
 .rodata.__metal_driver_sifive_gpio0_config_int
                0x0000000020010f60       0x20 /mnt/e/PostGraduate/Cryptography/Code/Saber_RV32/bsp/install/lib/debug//libmetal.a(sifive_gpio0.o)
 .rodata.__metal_driver_sifive_gpio0_clear_int
                0x0000000020010f80       0x20 /mnt/e/PostGraduate/Cryptography/Code/Saber_RV32/bsp/install/lib/debug//libmetal.a(sifive_gpio0.o)
 .rodata.__metal_driver_vtable_sifive_gpio0
                0x0000000020010fa0       0x3c /mnt/e/PostGraduate/Cryptography/Code/Saber_RV32/bsp/install/lib/debug//libmetal.a(sifive_gpio0.o)
                0x0000000020010fa0                __metal_driver_vtable_sifive_gpio0
 .rodata.__metal_driver_vtable_sifive_uart0
                0x0000000020010fdc       0x40 /mnt/e/PostGraduate/Cryptography/Code/Saber_RV32/bsp/install/lib/debug//libmetal.a(sifive_uart0.o)
                0x0000000020010fdc                __metal_driver_vtable_sifive_uart0
 *(.gnu.linkonce.r.*)
                0x0000000020011020                . = ALIGN (0x8)
 *fill*         0x000000002001101c        0x4 
 *(.srodata.cst16)
 *(.srodata.cst8)
 *(.srodata.cst4)
 *(.srodata.cst2)
 *(.srodata .srodata.*)

.itim           0x0000000008000000        0x0 load address 0x0000000020011020
 *(.itim .itim.*)
                0x0000000020011020                PROVIDE (metal_segment_itim_source_start = LOADADDR (.itim))
                0x0000000008000000                PROVIDE (metal_segment_itim_target_start = ADDR (.itim))
                0x0000000008000000                PROVIDE (metal_segment_itim_target_end = (ADDR (.itim) + SIZEOF (.itim)))

.lim            0x0000000080000000        0x0 load address 0x0000000020011020
 *(.lim .lim.*)
                0x0000000020011020                PROVIDE (metal_segment_lim_source_start = LOADADDR (.lim))
                0x0000000080000000                PROVIDE (metal_segment_lim_target_start = ADDR (.lim))
                0x0000000080000000                PROVIDE (metal_segment_lim_target_end = (ADDR (.lim) + SIZEOF (.lim)))

.text           0x0000000020011080     0x3522
 *(.text.unlikely .text.unlikely.*)
 *(.text.startup .text.startup.*)
 .text.startup.main
                0x0000000020011080       0x16 /tmp/ccUsOrsS.o
                0x0000000020011080                main
 *(.text .text.*)
 .text._puts_r  0x0000000020011096       0xda /mnt/e/APP/RV64_GCC/riscv64-unknown-elf-gcc-8.3.0-2020.04.0-x86_64-linux-ubuntu14/bin/../lib/gcc/riscv64-unknown-elf/8.3.0/../../../../riscv64-unknown-elf/lib/rv32imac/ilp32/libc_nano.a(lib_a-puts.o)
                0x0000000020011096                _puts_r
 .text.puts     0x0000000020011170        0xe /mnt/e/APP/RV64_GCC/riscv64-unknown-elf-gcc-8.3.0-2020.04.0-x86_64-linux-ubuntu14/bin/../lib/gcc/riscv64-unknown-elf/8.3.0/../../../../riscv64-unknown-elf/lib/rv32imac/ilp32/libc_nano.a(lib_a-puts.o)
                0x0000000020011170                puts
 .text.__swbuf_r
                0x000000002001117e       0xc0 /mnt/e/APP/RV64_GCC/riscv64-unknown-elf-gcc-8.3.0-2020.04.0-x86_64-linux-ubuntu14/bin/../lib/gcc/riscv64-unknown-elf/8.3.0/../../../../riscv64-unknown-elf/lib/rv32imac/ilp32/libc_nano.a(lib_a-wbuf.o)
                0x000000002001117e                __swbuf_r
 .text.__swsetup_r
                0x000000002001123e      0x110 /mnt/e/APP/RV64_GCC/riscv64-unknown-elf-gcc-8.3.0-2020.04.0-x86_64-linux-ubuntu14/bin/../lib/gcc/riscv64-unknown-elf/8.3.0/../../../../riscv64-unknown-elf/lib/rv32imac/ilp32/libc_nano.a(lib_a-wsetup.o)
                0x000000002001123e                __swsetup_r
 .text.__sflush_r
                0x000000002001134e      0x14a /mnt/e/APP/RV64_GCC/riscv64-unknown-elf-gcc-8.3.0-2020.04.0-x86_64-linux-ubuntu14/bin/../lib/gcc/riscv64-unknown-elf/8.3.0/../../../../riscv64-unknown-elf/lib/rv32imac/ilp32/libc_nano.a(lib_a-fflush.o)
                0x000000002001134e                __sflush_r
 .text._fflush_r
                0x0000000020011498       0x64 /mnt/e/APP/RV64_GCC/riscv64-unknown-elf-gcc-8.3.0-2020.04.0-x86_64-linux-ubuntu14/bin/../lib/gcc/riscv64-unknown-elf/8.3.0/../../../../riscv64-unknown-elf/lib/rv32imac/ilp32/libc_nano.a(lib_a-fflush.o)
                0x0000000020011498                _fflush_r
 .text.std      0x00000000200114fc       0x68 /mnt/e/APP/RV64_GCC/riscv64-unknown-elf-gcc-8.3.0-2020.04.0-x86_64-linux-ubuntu14/bin/../lib/gcc/riscv64-unknown-elf/8.3.0/../../../../riscv64-unknown-elf/lib/rv32imac/ilp32/libc_nano.a(lib_a-findfp.o)
 .text._cleanup_r
                0x0000000020011564        0xa /mnt/e/APP/RV64_GCC/riscv64-unknown-elf-gcc-8.3.0-2020.04.0-x86_64-linux-ubuntu14/bin/../lib/gcc/riscv64-unknown-elf/8.3.0/../../../../riscv64-unknown-elf/lib/rv32imac/ilp32/libc_nano.a(lib_a-findfp.o)
                0x0000000020011564                _cleanup_r
 .text.__sfmoreglue
                0x000000002001156e       0x44 /mnt/e/APP/RV64_GCC/riscv64-unknown-elf-gcc-8.3.0-2020.04.0-x86_64-linux-ubuntu14/bin/../lib/gcc/riscv64-unknown-elf/8.3.0/../../../../riscv64-unknown-elf/lib/rv32imac/ilp32/libc_nano.a(lib_a-findfp.o)
                0x000000002001156e                __sfmoreglue
 .text.__sinit  0x00000000200115b2       0x6a /mnt/e/APP/RV64_GCC/riscv64-unknown-elf-gcc-8.3.0-2020.04.0-x86_64-linux-ubuntu14/bin/../lib/gcc/riscv64-unknown-elf/8.3.0/../../../../riscv64-unknown-elf/lib/rv32imac/ilp32/libc_nano.a(lib_a-findfp.o)
                0x00000000200115b2                __sinit
 .text.__sfp    0x000000002001161c       0x9e /mnt/e/APP/RV64_GCC/riscv64-unknown-elf-gcc-8.3.0-2020.04.0-x86_64-linux-ubuntu14/bin/../lib/gcc/riscv64-unknown-elf/8.3.0/../../../../riscv64-unknown-elf/lib/rv32imac/ilp32/libc_nano.a(lib_a-findfp.o)
                0x000000002001161c                __sfp
 .text._fwalk_reent
                0x00000000200116ba       0x6c /mnt/e/APP/RV64_GCC/riscv64-unknown-elf-gcc-8.3.0-2020.04.0-x86_64-linux-ubuntu14/bin/../lib/gcc/riscv64-unknown-elf/8.3.0/../../../../riscv64-unknown-elf/lib/rv32imac/ilp32/libc_nano.a(lib_a-fwalk.o)
                0x00000000200116ba                _fwalk_reent
 .text.__swhatbuf_r
                0x0000000020011726       0x58 /mnt/e/APP/RV64_GCC/riscv64-unknown-elf-gcc-8.3.0-2020.04.0-x86_64-linux-ubuntu14/bin/../lib/gcc/riscv64-unknown-elf/8.3.0/../../../../riscv64-unknown-elf/lib/rv32imac/ilp32/libc_nano.a(lib_a-makebuf.o)
                0x0000000020011726                __swhatbuf_r
 .text.__smakebuf_r
                0x000000002001177e       0x9c /mnt/e/APP/RV64_GCC/riscv64-unknown-elf-gcc-8.3.0-2020.04.0-x86_64-linux-ubuntu14/bin/../lib/gcc/riscv64-unknown-elf/8.3.0/../../../../riscv64-unknown-elf/lib/rv32imac/ilp32/libc_nano.a(lib_a-makebuf.o)
                0x000000002001177e                __smakebuf_r
 .text          0x000000002001181a       0x10 /mnt/e/APP/RV64_GCC/riscv64-unknown-elf-gcc-8.3.0-2020.04.0-x86_64-linux-ubuntu14/bin/../lib/gcc/riscv64-unknown-elf/8.3.0/../../../../riscv64-unknown-elf/lib/rv32imac/ilp32/libc_nano.a(lib_a-memset.o)
                0x000000002001181a                memset
 .text._free_r  0x000000002001182a       0xac /mnt/e/APP/RV64_GCC/riscv64-unknown-elf-gcc-8.3.0-2020.04.0-x86_64-linux-ubuntu14/bin/../lib/gcc/riscv64-unknown-elf/8.3.0/../../../../riscv64-unknown-elf/lib/rv32imac/ilp32/libc_nano.a(lib_a-nano-freer.o)
                0x000000002001182a                _free_r
 .text._malloc_r
                0x00000000200118d6       0xde /mnt/e/APP/RV64_GCC/riscv64-unknown-elf-gcc-8.3.0-2020.04.0-x86_64-linux-ubuntu14/bin/../lib/gcc/riscv64-unknown-elf/8.3.0/../../../../riscv64-unknown-elf/lib/rv32imac/ilp32/libc_nano.a(lib_a-nano-mallocr.o)
                0x00000000200118d6                _malloc_r
 .text._sbrk_r  0x00000000200119b4       0x28 /mnt/e/APP/RV64_GCC/riscv64-unknown-elf-gcc-8.3.0-2020.04.0-x86_64-linux-ubuntu14/bin/../lib/gcc/riscv64-unknown-elf/8.3.0/../../../../riscv64-unknown-elf/lib/rv32imac/ilp32/libc_nano.a(lib_a-sbrkr.o)
                0x00000000200119b4                _sbrk_r
 .text.__sread  0x00000000200119dc       0x30 /mnt/e/APP/RV64_GCC/riscv64-unknown-elf-gcc-8.3.0-2020.04.0-x86_64-linux-ubuntu14/bin/../lib/gcc/riscv64-unknown-elf/8.3.0/../../../../riscv64-unknown-elf/lib/rv32imac/ilp32/libc_nano.a(lib_a-stdio.o)
                0x00000000200119dc                __sread
 .text.__swrite
                0x0000000020011a0c       0x4e /mnt/e/APP/RV64_GCC/riscv64-unknown-elf-gcc-8.3.0-2020.04.0-x86_64-linux-ubuntu14/bin/../lib/gcc/riscv64-unknown-elf/8.3.0/../../../../riscv64-unknown-elf/lib/rv32imac/ilp32/libc_nano.a(lib_a-stdio.o)
                0x0000000020011a0c                __swrite
 .text.__sseek  0x0000000020011a5a       0x36 /mnt/e/APP/RV64_GCC/riscv64-unknown-elf-gcc-8.3.0-2020.04.0-x86_64-linux-ubuntu14/bin/../lib/gcc/riscv64-unknown-elf/8.3.0/../../../../riscv64-unknown-elf/lib/rv32imac/ilp32/libc_nano.a(lib_a-stdio.o)
                0x0000000020011a5a                __sseek
 .text.__sclose
                0x0000000020011a90        0x6 /mnt/e/APP/RV64_GCC/riscv64-unknown-elf-gcc-8.3.0-2020.04.0-x86_64-linux-ubuntu14/bin/../lib/gcc/riscv64-unknown-elf/8.3.0/../../../../riscv64-unknown-elf/lib/rv32imac/ilp32/libc_nano.a(lib_a-stdio.o)
                0x0000000020011a90                __sclose
 .text._write_r
                0x0000000020011a96       0x2c /mnt/e/APP/RV64_GCC/riscv64-unknown-elf-gcc-8.3.0-2020.04.0-x86_64-linux-ubuntu14/bin/../lib/gcc/riscv64-unknown-elf/8.3.0/../../../../riscv64-unknown-elf/lib/rv32imac/ilp32/libc_nano.a(lib_a-writer.o)
                0x0000000020011a96                _write_r
 .text._close_r
                0x0000000020011ac2       0x28 /mnt/e/APP/RV64_GCC/riscv64-unknown-elf-gcc-8.3.0-2020.04.0-x86_64-linux-ubuntu14/bin/../lib/gcc/riscv64-unknown-elf/8.3.0/../../../../riscv64-unknown-elf/lib/rv32imac/ilp32/libc_nano.a(lib_a-closer.o)
                0x0000000020011ac2                _close_r
 .text._fstat_r
                0x0000000020011aea       0x2a /mnt/e/APP/RV64_GCC/riscv64-unknown-elf-gcc-8.3.0-2020.04.0-x86_64-linux-ubuntu14/bin/../lib/gcc/riscv64-unknown-elf/8.3.0/../../../../riscv64-unknown-elf/lib/rv32imac/ilp32/libc_nano.a(lib_a-fstatr.o)
                0x0000000020011aea                _fstat_r
 .text._isatty_r
                0x0000000020011b14       0x28 /mnt/e/APP/RV64_GCC/riscv64-unknown-elf-gcc-8.3.0-2020.04.0-x86_64-linux-ubuntu14/bin/../lib/gcc/riscv64-unknown-elf/8.3.0/../../../../riscv64-unknown-elf/lib/rv32imac/ilp32/libc_nano.a(lib_a-isattyr.o)
                0x0000000020011b14                _isatty_r
 .text._lseek_r
                0x0000000020011b3c       0x2c /mnt/e/APP/RV64_GCC/riscv64-unknown-elf-gcc-8.3.0-2020.04.0-x86_64-linux-ubuntu14/bin/../lib/gcc/riscv64-unknown-elf/8.3.0/../../../../riscv64-unknown-elf/lib/rv32imac/ilp32/libc_nano.a(lib_a-lseekr.o)
                0x0000000020011b3c                _lseek_r
 .text.__malloc_lock
                0x0000000020011b68        0x2 /mnt/e/APP/RV64_GCC/riscv64-unknown-elf-gcc-8.3.0-2020.04.0-x86_64-linux-ubuntu14/bin/../lib/gcc/riscv64-unknown-elf/8.3.0/../../../../riscv64-unknown-elf/lib/rv32imac/ilp32/libc_nano.a(lib_a-mlock.o)
                0x0000000020011b68                __malloc_lock
 .text.__malloc_unlock
                0x0000000020011b6a        0x2 /mnt/e/APP/RV64_GCC/riscv64-unknown-elf-gcc-8.3.0-2020.04.0-x86_64-linux-ubuntu14/bin/../lib/gcc/riscv64-unknown-elf/8.3.0/../../../../riscv64-unknown-elf/lib/rv32imac/ilp32/libc_nano.a(lib_a-mlock.o)
                0x0000000020011b6a                __malloc_unlock
 .text._read_r  0x0000000020011b6c       0x2c /mnt/e/APP/RV64_GCC/riscv64-unknown-elf-gcc-8.3.0-2020.04.0-x86_64-linux-ubuntu14/bin/../lib/gcc/riscv64-unknown-elf/8.3.0/../../../../riscv64-unknown-elf/lib/rv32imac/ilp32/libc_nano.a(lib_a-readr.o)
                0x0000000020011b6c                _read_r
 .text._close   0x0000000020011b98       0x14 /mnt/e/PostGraduate/Cryptography/Code/Saber_RV32/bsp/install/lib/debug//libmetal-gloss.a(sys_close.o)
                0x0000000020011b98                _close
 .text._fstat   0x0000000020011bac       0x14 /mnt/e/PostGraduate/Cryptography/Code/Saber_RV32/bsp/install/lib/debug//libmetal-gloss.a(sys_fstat.o)
                0x0000000020011bac                _fstat
 .text._isatty  0x0000000020011bc0        0x8 /mnt/e/PostGraduate/Cryptography/Code/Saber_RV32/bsp/install/lib/debug//libmetal-gloss.a(sys_isatty.o)
                0x0000000020011bc0                _isatty
 .text._lseek   0x0000000020011bc8       0x14 /mnt/e/PostGraduate/Cryptography/Code/Saber_RV32/bsp/install/lib/debug//libmetal-gloss.a(sys_lseek.o)
                0x0000000020011bc8                _lseek
 .text._read    0x0000000020011bdc       0x14 /mnt/e/PostGraduate/Cryptography/Code/Saber_RV32/bsp/install/lib/debug//libmetal-gloss.a(sys_read.o)
                0x0000000020011bdc                _read
 .text._sbrk    0x0000000020011bf0       0x4e /mnt/e/PostGraduate/Cryptography/Code/Saber_RV32/bsp/install/lib/debug//libmetal-gloss.a(sys_sbrk.o)
                0x0000000020011bf0                _sbrk
 .text._write   0x0000000020011c3e       0x3a /mnt/e/PostGraduate/Cryptography/Code/Saber_RV32/bsp/install/lib/debug//libmetal-gloss.a(sys_write.o)
                0x0000000020011c3e                write
                0x0000000020011c3e                _write
 .text.atexit   0x0000000020011c78        0xa /mnt/e/APP/RV64_GCC/riscv64-unknown-elf-gcc-8.3.0-2020.04.0-x86_64-linux-ubuntu14/bin/../lib/gcc/riscv64-unknown-elf/8.3.0/../../../../riscv64-unknown-elf/lib/rv32imac/ilp32/libc_nano.a(lib_a-atexit.o)
                0x0000000020011c78                atexit
 .text.__errno  0x0000000020011c82        0xc /mnt/e/APP/RV64_GCC/riscv64-unknown-elf-gcc-8.3.0-2020.04.0-x86_64-linux-ubuntu14/bin/../lib/gcc/riscv64-unknown-elf/8.3.0/../../../../riscv64-unknown-elf/lib/rv32imac/ilp32/libc_nano.a(lib_a-errno.o)
                0x0000000020011c82                __errno
 .text.exit     0x0000000020011c8e       0x2c /mnt/e/APP/RV64_GCC/riscv64-unknown-elf-gcc-8.3.0-2020.04.0-x86_64-linux-ubuntu14/bin/../lib/gcc/riscv64-unknown-elf/8.3.0/../../../../riscv64-unknown-elf/lib/rv32imac/ilp32/libc_nano.a(lib_a-exit.o)
                0x0000000020011c8e                exit
 .text.__libc_fini_array
                0x0000000020011cba       0x38 /mnt/e/APP/RV64_GCC/riscv64-unknown-elf-gcc-8.3.0-2020.04.0-x86_64-linux-ubuntu14/bin/../lib/gcc/riscv64-unknown-elf/8.3.0/../../../../riscv64-unknown-elf/lib/rv32imac/ilp32/libc_nano.a(lib_a-fini.o)
                0x0000000020011cba                __libc_fini_array
 .text.__libc_init_array
                0x0000000020011cf2       0x6a /mnt/e/APP/RV64_GCC/riscv64-unknown-elf-gcc-8.3.0-2020.04.0-x86_64-linux-ubuntu14/bin/../lib/gcc/riscv64-unknown-elf/8.3.0/../../../../riscv64-unknown-elf/lib/rv32imac/ilp32/libc_nano.a(lib_a-init.o)
                0x0000000020011cf2                __libc_init_array
 .text.__register_exitproc
                0x0000000020011d5c       0x88 /mnt/e/APP/RV64_GCC/riscv64-unknown-elf-gcc-8.3.0-2020.04.0-x86_64-linux-ubuntu14/bin/../lib/gcc/riscv64-unknown-elf/8.3.0/../../../../riscv64-unknown-elf/lib/rv32imac/ilp32/libc_nano.a(lib_a-__atexit.o)
                0x0000000020011d5c                __register_exitproc
 .text.__call_exitprocs
                0x0000000020011de4       0xc8 /mnt/e/APP/RV64_GCC/riscv64-unknown-elf-gcc-8.3.0-2020.04.0-x86_64-linux-ubuntu14/bin/../lib/gcc/riscv64-unknown-elf/8.3.0/../../../../riscv64-unknown-elf/lib/rv32imac/ilp32/libc_nano.a(lib_a-__call_atexit.o)
                0x0000000020011de4                __call_exitprocs
 .text.metal_init_run
                0x0000000020011eac       0x4a /mnt/e/PostGraduate/Cryptography/Code/Saber_RV32/bsp/install/lib/debug//libmetal.a(init.o)
                0x0000000020011eac                metal_init_run
 .text.metal_fini_run
                0x0000000020011ef6       0x4a /mnt/e/PostGraduate/Cryptography/Code/Saber_RV32/bsp/install/lib/debug//libmetal.a(init.o)
                0x0000000020011ef6                metal_fini_run
 .text.metal_tty_putc
                0x0000000020011f40       0x14 /mnt/e/PostGraduate/Cryptography/Code/Saber_RV32/bsp/install/lib/debug//libmetal.a(tty.o)
                0x0000000020011f40                metal_tty_putc
 .text.__metal_driver_riscv_clint0_mtimecmp_set
                0x0000000020011f54       0x2a /mnt/e/PostGraduate/Cryptography/Code/Saber_RV32/bsp/install/lib/debug//libmetal.a(riscv_clint0.o)
                0x0000000020011f54                __metal_driver_riscv_clint0_mtimecmp_set
 .text.__metal_driver_riscv_clint0_init
                0x0000000020011f7e       0x66 /mnt/e/PostGraduate/Cryptography/Code/Saber_RV32/bsp/install/lib/debug//libmetal.a(riscv_clint0.o)
                0x0000000020011f7e                __metal_driver_riscv_clint0_init
 .text.__metal_driver_riscv_clint0_vector_register
                0x0000000020011fe4        0x4 /mnt/e/PostGraduate/Cryptography/Code/Saber_RV32/bsp/install/lib/debug//libmetal.a(riscv_clint0.o)
                0x0000000020011fe4                __metal_driver_riscv_clint0_vector_register
 .text.__metal_driver_riscv_clint0_command_request
                0x0000000020011fe8       0x92 /mnt/e/PostGraduate/Cryptography/Code/Saber_RV32/bsp/install/lib/debug//libmetal.a(riscv_clint0.o)
                0x0000000020011fe8                __metal_driver_riscv_clint0_command_request
 .text.__metal_driver_riscv_clint0_get_vector_mode
                0x000000002001207a        0x4 /mnt/e/PostGraduate/Cryptography/Code/Saber_RV32/bsp/install/lib/debug//libmetal.a(riscv_clint0.o)
                0x000000002001207a                __metal_driver_riscv_clint0_get_vector_mode
 .text.__metal_driver_riscv_clint0_register
                0x000000002001207e       0x86 /mnt/e/PostGraduate/Cryptography/Code/Saber_RV32/bsp/install/lib/debug//libmetal.a(riscv_clint0.o)
                0x000000002001207e                __metal_driver_riscv_clint0_register
 .text.__metal_driver_riscv_clint0_clear_interrupt
                0x0000000020012104       0x30 /mnt/e/PostGraduate/Cryptography/Code/Saber_RV32/bsp/install/lib/debug//libmetal.a(riscv_clint0.o)
                0x0000000020012104                __metal_driver_riscv_clint0_clear_interrupt
 .text.__metal_driver_riscv_clint0_set_interrupt
                0x0000000020012134       0x36 /mnt/e/PostGraduate/Cryptography/Code/Saber_RV32/bsp/install/lib/debug//libmetal.a(riscv_clint0.o)
                0x0000000020012134                __metal_driver_riscv_clint0_set_interrupt
 .text.__metal_driver_riscv_clint0_set_vector_mode
                0x000000002001216a       0x38 /mnt/e/PostGraduate/Cryptography/Code/Saber_RV32/bsp/install/lib/debug//libmetal.a(riscv_clint0.o)
                0x000000002001216a                __metal_driver_riscv_clint0_set_vector_mode
 .text.__metal_driver_riscv_clint0_enable
                0x00000000200121a2       0x66 /mnt/e/PostGraduate/Cryptography/Code/Saber_RV32/bsp/install/lib/debug//libmetal.a(riscv_clint0.o)
                0x00000000200121a2                __metal_driver_riscv_clint0_enable
 .text.__metal_driver_riscv_clint0_disable
                0x0000000020012208       0x66 /mnt/e/PostGraduate/Cryptography/Code/Saber_RV32/bsp/install/lib/debug//libmetal.a(riscv_clint0.o)
                0x0000000020012208                __metal_driver_riscv_clint0_disable
 .text.__metal_default_sw_handler
                0x000000002001226e       0x44 /mnt/e/PostGraduate/Cryptography/Code/Saber_RV32/bsp/install/lib/debug//libmetal.a(riscv_cpu.o)
                0x000000002001226e                __metal_default_sw_handler
 .text.__metal_default_beu_handler
                0x00000000200122b2        0x2 /mnt/e/PostGraduate/Cryptography/Code/Saber_RV32/bsp/install/lib/debug//libmetal.a(riscv_cpu.o)
                0x00000000200122b2                __metal_default_beu_handler
 *fill*         0x00000000200122b4       0x4c 
 .text.__metal_exception_handler
                0x0000000020012300       0xfa /mnt/e/PostGraduate/Cryptography/Code/Saber_RV32/bsp/install/lib/debug//libmetal.a(riscv_cpu.o)
                0x0000000020012300                __metal_exception_handler
 .text.__metal_driver_riscv_cpu_controller_get_vector_mode
                0x00000000200123fa       0x22 /mnt/e/PostGraduate/Cryptography/Code/Saber_RV32/bsp/install/lib/debug//libmetal.a(riscv_cpu.o)
                0x00000000200123fa                __metal_driver_riscv_cpu_controller_get_vector_mode
 .text.__metal_driver_riscv_cpu_controller_command_request
                0x000000002001241c        0x4 /mnt/e/PostGraduate/Cryptography/Code/Saber_RV32/bsp/install/lib/debug//libmetal.a(riscv_cpu.o)
                0x000000002001241c                __metal_driver_riscv_cpu_controller_command_request
 .text.__metal_driver_cpu_mcycle_get
                0x0000000020012420       0x12 /mnt/e/PostGraduate/Cryptography/Code/Saber_RV32/bsp/install/lib/debug//libmetal.a(riscv_cpu.o)
                0x0000000020012420                __metal_driver_cpu_mcycle_get
 .text.__metal_driver_cpu_timebase_get
                0x0000000020012432       0x1c /mnt/e/PostGraduate/Cryptography/Code/Saber_RV32/bsp/install/lib/debug//libmetal.a(riscv_cpu.o)
                0x0000000020012432                __metal_driver_cpu_timebase_get
 .text.__metal_driver_cpu_mtime_get
                0x000000002001244e       0x42 /mnt/e/PostGraduate/Cryptography/Code/Saber_RV32/bsp/install/lib/debug//libmetal.a(riscv_cpu.o)
                0x000000002001244e                __metal_driver_cpu_mtime_get
 .text.__metal_driver_cpu_timer_controller_interrupt
                0x0000000020012490        0xa /mnt/e/PostGraduate/Cryptography/Code/Saber_RV32/bsp/install/lib/debug//libmetal.a(riscv_cpu.o)
                0x0000000020012490                __metal_driver_cpu_timer_controller_interrupt
 .text.__metal_driver_cpu_get_timer_interrupt_id
                0x000000002001249a        0x4 /mnt/e/PostGraduate/Cryptography/Code/Saber_RV32/bsp/install/lib/debug//libmetal.a(riscv_cpu.o)
                0x000000002001249a                __metal_driver_cpu_get_timer_interrupt_id
 .text.__metal_driver_cpu_get_sw_interrupt_id
                0x000000002001249e        0x4 /mnt/e/PostGraduate/Cryptography/Code/Saber_RV32/bsp/install/lib/debug//libmetal.a(riscv_cpu.o)
                0x000000002001249e                __metal_driver_cpu_get_sw_interrupt_id
 .text.__metal_driver_cpu_set_sw_ipi
                0x00000000200124a2       0x30 /mnt/e/PostGraduate/Cryptography/Code/Saber_RV32/bsp/install/lib/debug//libmetal.a(riscv_cpu.o)
                0x00000000200124a2                __metal_driver_cpu_set_sw_ipi
 .text.__metal_driver_cpu_clear_sw_ipi
                0x00000000200124d2       0x30 /mnt/e/PostGraduate/Cryptography/Code/Saber_RV32/bsp/install/lib/debug//libmetal.a(riscv_cpu.o)
                0x00000000200124d2                __metal_driver_cpu_clear_sw_ipi
 .text.__metal_driver_cpu_get_msip
                0x0000000020012502       0x34 /mnt/e/PostGraduate/Cryptography/Code/Saber_RV32/bsp/install/lib/debug//libmetal.a(riscv_cpu.o)
                0x0000000020012502                __metal_driver_cpu_get_msip
 .text.__metal_driver_cpu_controller_interrupt
                0x0000000020012536       0x16 /mnt/e/PostGraduate/Cryptography/Code/Saber_RV32/bsp/install/lib/debug//libmetal.a(riscv_cpu.o)
                0x0000000020012536                __metal_driver_cpu_controller_interrupt
 .text.__metal_driver_cpu_get_instruction_length
                0x000000002001254c       0x12 /mnt/e/PostGraduate/Cryptography/Code/Saber_RV32/bsp/install/lib/debug//libmetal.a(riscv_cpu.o)
                0x000000002001254c                __metal_driver_cpu_get_instruction_length
 .text.__metal_driver_cpu_get_exception_pc
                0x000000002001255e        0x6 /mnt/e/PostGraduate/Cryptography/Code/Saber_RV32/bsp/install/lib/debug//libmetal.a(riscv_cpu.o)
                0x000000002001255e                __metal_driver_cpu_get_exception_pc
 .text.__metal_driver_cpu_set_exception_pc
                0x0000000020012564        0x8 /mnt/e/PostGraduate/Cryptography/Code/Saber_RV32/bsp/install/lib/debug//libmetal.a(riscv_cpu.o)
                0x0000000020012564                __metal_driver_cpu_set_exception_pc
 .text.__metal_driver_cpu_get_buserror
                0x000000002001256c        0x4 /mnt/e/PostGraduate/Cryptography/Code/Saber_RV32/bsp/install/lib/debug//libmetal.a(riscv_cpu.o)
                0x000000002001256c                __metal_driver_cpu_get_buserror
 .text.__metal_default_exception_handler
                0x0000000020012570        0xc /mnt/e/PostGraduate/Cryptography/Code/Saber_RV32/bsp/install/lib/debug//libmetal.a(riscv_cpu.o)
                0x0000000020012570                __metal_default_exception_handler
 .text.__metal_default_interrupt_handler
                0x000000002001257c        0xc /mnt/e/PostGraduate/Cryptography/Code/Saber_RV32/bsp/install/lib/debug//libmetal.a(riscv_cpu.o)
                0x000000002001257c                __metal_default_interrupt_handler
 .text.__metal_default_timer_handler
                0x0000000020012588       0x66 /mnt/e/PostGraduate/Cryptography/Code/Saber_RV32/bsp/install/lib/debug//libmetal.a(riscv_cpu.o)
                0x0000000020012588                __metal_default_timer_handler
 .text.__metal_driver_riscv_cpu_controller_interrupt_init
                0x00000000200125ee       0x84 /mnt/e/PostGraduate/Cryptography/Code/Saber_RV32/bsp/install/lib/debug//libmetal.a(riscv_cpu.o)
                0x00000000200125ee                __metal_driver_riscv_cpu_controller_interrupt_init
 .text.__metal_driver_riscv_cpu_controller_interrupt_register
                0x0000000020012672      0x100 /mnt/e/PostGraduate/Cryptography/Code/Saber_RV32/bsp/install/lib/debug//libmetal.a(riscv_cpu.o)
                0x0000000020012672                __metal_driver_riscv_cpu_controller_interrupt_register
 .text.__metal_driver_cpu_exception_register
                0x0000000020012772       0x2a /mnt/e/PostGraduate/Cryptography/Code/Saber_RV32/bsp/install/lib/debug//libmetal.a(riscv_cpu.o)
                0x0000000020012772                __metal_driver_cpu_exception_register
 .text.__metal_driver_cpu_sw_controller_interrupt
                0x000000002001279c        0xa /mnt/e/PostGraduate/Cryptography/Code/Saber_RV32/bsp/install/lib/debug//libmetal.a(riscv_cpu.o)
                0x000000002001279c                __metal_driver_cpu_sw_controller_interrupt
 .text.__metal_driver_riscv_cpu_controller_set_vector_mode
                0x00000000200127a6       0x3a /mnt/e/PostGraduate/Cryptography/Code/Saber_RV32/bsp/install/lib/debug//libmetal.a(riscv_cpu.o)
                0x00000000200127a6                __metal_driver_riscv_cpu_controller_set_vector_mode
 .text.__metal_driver_cpu_mtimecmp_set
                0x00000000200127e0       0x24 /mnt/e/PostGraduate/Cryptography/Code/Saber_RV32/bsp/install/lib/debug//libmetal.a(riscv_cpu.o)
                0x00000000200127e0                __metal_driver_cpu_mtimecmp_set
 .text.__metal_driver_riscv_cpu_controller_interrupt_disable
                0x0000000020012804       0x5a /mnt/e/PostGraduate/Cryptography/Code/Saber_RV32/bsp/install/lib/debug//libmetal.a(riscv_cpu.o)
                0x0000000020012804                __metal_driver_riscv_cpu_controller_interrupt_disable
 .text.__metal_driver_riscv_cpu_controller_interrupt_enable
                0x000000002001285e       0x5a /mnt/e/PostGraduate/Cryptography/Code/Saber_RV32/bsp/install/lib/debug//libmetal.a(riscv_cpu.o)
                0x000000002001285e                __metal_driver_riscv_cpu_controller_interrupt_enable
 .text.__metal_myhart_id
                0x00000000200128b8        0x6 /mnt/e/PostGraduate/Cryptography/Code/Saber_RV32/bsp/install/lib/debug//libmetal.a(riscv_cpu.o)
                0x00000000200128b8                __metal_myhart_id
 .text.metal_interrupt_vector_handler
                0x00000000200128be       0x2a /mnt/e/PostGraduate/Cryptography/Code/Saber_RV32/bsp/install/lib/debug//libmetal.a(riscv_cpu.o)
                0x00000000200128be                metal_interrupt_vector_handler
 .text.metal_software_interrupt_vector_handler
                0x00000000200128e8       0x7c /mnt/e/PostGraduate/Cryptography/Code/Saber_RV32/bsp/install/lib/debug//libmetal.a(riscv_cpu.o)
                0x00000000200128e8                metal_software_interrupt_vector_handler
 .text.metal_timer_interrupt_vector_handler
                0x0000000020012964       0x7c /mnt/e/PostGraduate/Cryptography/Code/Saber_RV32/bsp/install/lib/debug//libmetal.a(riscv_cpu.o)
                0x0000000020012964                metal_timer_interrupt_vector_handler
 .text.metal_lc0_interrupt_vector_handler
                0x00000000200129e0       0x7c /mnt/e/PostGraduate/Cryptography/Code/Saber_RV32/bsp/install/lib/debug//libmetal.a(riscv_cpu.o)
                0x00000000200129e0                metal_lc0_interrupt_vector_handler
 .text.metal_lc1_interrupt_vector_handler
                0x0000000020012a5c       0x7c /mnt/e/PostGraduate/Cryptography/Code/Saber_RV32/bsp/install/lib/debug//libmetal.a(riscv_cpu.o)
                0x0000000020012a5c                metal_lc1_interrupt_vector_handler
 .text.metal_lc2_interrupt_vector_handler
                0x0000000020012ad8       0x7c /mnt/e/PostGraduate/Cryptography/Code/Saber_RV32/bsp/install/lib/debug//libmetal.a(riscv_cpu.o)
                0x0000000020012ad8                metal_lc2_interrupt_vector_handler
 .text.metal_lc3_interrupt_vector_handler
                0x0000000020012b54       0x7c /mnt/e/PostGraduate/Cryptography/Code/Saber_RV32/bsp/install/lib/debug//libmetal.a(riscv_cpu.o)
                0x0000000020012b54                metal_lc3_interrupt_vector_handler
 .text.metal_lc4_interrupt_vector_handler
                0x0000000020012bd0       0x7c /mnt/e/PostGraduate/Cryptography/Code/Saber_RV32/bsp/install/lib/debug//libmetal.a(riscv_cpu.o)
                0x0000000020012bd0                metal_lc4_interrupt_vector_handler
 .text.metal_lc5_interrupt_vector_handler
                0x0000000020012c4c       0x7c /mnt/e/PostGraduate/Cryptography/Code/Saber_RV32/bsp/install/lib/debug//libmetal.a(riscv_cpu.o)
                0x0000000020012c4c                metal_lc5_interrupt_vector_handler
 .text.metal_lc6_interrupt_vector_handler
                0x0000000020012cc8       0x7c /mnt/e/PostGraduate/Cryptography/Code/Saber_RV32/bsp/install/lib/debug//libmetal.a(riscv_cpu.o)
                0x0000000020012cc8                metal_lc6_interrupt_vector_handler
 .text.metal_lc7_interrupt_vector_handler
                0x0000000020012d44       0x7c /mnt/e/PostGraduate/Cryptography/Code/Saber_RV32/bsp/install/lib/debug//libmetal.a(riscv_cpu.o)
                0x0000000020012d44                metal_lc7_interrupt_vector_handler
 .text.metal_lc8_interrupt_vector_handler
                0x0000000020012dc0       0x7c /mnt/e/PostGraduate/Cryptography/Code/Saber_RV32/bsp/install/lib/debug//libmetal.a(riscv_cpu.o)
                0x0000000020012dc0                metal_lc8_interrupt_vector_handler
 .text.metal_lc9_interrupt_vector_handler
                0x0000000020012e3c       0x7c /mnt/e/PostGraduate/Cryptography/Code/Saber_RV32/bsp/install/lib/debug//libmetal.a(riscv_cpu.o)
                0x0000000020012e3c                metal_lc9_interrupt_vector_handler
 .text.metal_lc10_interrupt_vector_handler
                0x0000000020012eb8       0x7c /mnt/e/PostGraduate/Cryptography/Code/Saber_RV32/bsp/install/lib/debug//libmetal.a(riscv_cpu.o)
                0x0000000020012eb8                metal_lc10_interrupt_vector_handler
 .text.metal_lc11_interrupt_vector_handler
                0x0000000020012f34       0x7c /mnt/e/PostGraduate/Cryptography/Code/Saber_RV32/bsp/install/lib/debug//libmetal.a(riscv_cpu.o)
                0x0000000020012f34                metal_lc11_interrupt_vector_handler
 .text.metal_lc12_interrupt_vector_handler
                0x0000000020012fb0       0x7c /mnt/e/PostGraduate/Cryptography/Code/Saber_RV32/bsp/install/lib/debug//libmetal.a(riscv_cpu.o)
                0x0000000020012fb0                metal_lc12_interrupt_vector_handler
 .text.metal_lc13_interrupt_vector_handler
                0x000000002001302c       0x7c /mnt/e/PostGraduate/Cryptography/Code/Saber_RV32/bsp/install/lib/debug//libmetal.a(riscv_cpu.o)
                0x000000002001302c                metal_lc13_interrupt_vector_handler
 .text.metal_lc14_interrupt_vector_handler
                0x00000000200130a8       0x7c /mnt/e/PostGraduate/Cryptography/Code/Saber_RV32/bsp/install/lib/debug//libmetal.a(riscv_cpu.o)
                0x00000000200130a8                metal_lc14_interrupt_vector_handler
 .text.metal_lc15_interrupt_vector_handler
                0x0000000020013124       0x7c /mnt/e/PostGraduate/Cryptography/Code/Saber_RV32/bsp/install/lib/debug//libmetal.a(riscv_cpu.o)
                0x0000000020013124                metal_lc15_interrupt_vector_handler
 .text.__metal_controller_interrupt_vector_mode
                0x00000000200131a0       0x22 /mnt/e/PostGraduate/Cryptography/Code/Saber_RV32/bsp/install/lib/debug//libmetal.a(riscv_cpu.o)
                0x00000000200131a0                __metal_controller_interrupt_vector_mode
 .text.__metal_driver_riscv_plic0_set_priority
                0x00000000200131c2       0x24 /mnt/e/PostGraduate/Cryptography/Code/Saber_RV32/bsp/install/lib/debug//libmetal.a(riscv_plic0.o)
                0x00000000200131c2                __metal_driver_riscv_plic0_set_priority
 .text.__metal_driver_riscv_plic0_get_priority
                0x00000000200131e6       0x22 /mnt/e/PostGraduate/Cryptography/Code/Saber_RV32/bsp/install/lib/debug//libmetal.a(riscv_plic0.o)
                0x00000000200131e6                __metal_driver_riscv_plic0_get_priority
 .text.__metal_driver_riscv_plic0_register
                0x0000000020013208       0x7a /mnt/e/PostGraduate/Cryptography/Code/Saber_RV32/bsp/install/lib/debug//libmetal.a(riscv_plic0.o)
                0x0000000020013208                __metal_driver_riscv_plic0_register
 .text.__metal_driver_riscv_plic0_affinity_enable
                0x0000000020013282       0x5e /mnt/e/PostGraduate/Cryptography/Code/Saber_RV32/bsp/install/lib/debug//libmetal.a(riscv_plic0.o)
                0x0000000020013282                __metal_driver_riscv_plic0_affinity_enable
 .text.__metal_driver_riscv_plic0_affinity_disable
                0x00000000200132e0       0x60 /mnt/e/PostGraduate/Cryptography/Code/Saber_RV32/bsp/install/lib/debug//libmetal.a(riscv_plic0.o)
                0x00000000200132e0                __metal_driver_riscv_plic0_affinity_disable
 .text.__metal_driver_riscv_plic0_affinity_set_threshold
                0x0000000020013340       0x2e /mnt/e/PostGraduate/Cryptography/Code/Saber_RV32/bsp/install/lib/debug//libmetal.a(riscv_plic0.o)
                0x0000000020013340                __metal_driver_riscv_plic0_affinity_set_threshold
 .text.__metal_driver_riscv_plic0_affinity_get_threshold
                0x000000002001336e       0x28 /mnt/e/PostGraduate/Cryptography/Code/Saber_RV32/bsp/install/lib/debug//libmetal.a(riscv_plic0.o)
                0x000000002001336e                __metal_driver_riscv_plic0_affinity_get_threshold
 .text.__metal_plic0_default_handler
                0x0000000020013396        0xc /mnt/e/PostGraduate/Cryptography/Code/Saber_RV32/bsp/install/lib/debug//libmetal.a(riscv_plic0.o)
                0x0000000020013396                __metal_plic0_default_handler
 .text.__metal_plic0_handler
                0x00000000200133a2       0x7a /mnt/e/PostGraduate/Cryptography/Code/Saber_RV32/bsp/install/lib/debug//libmetal.a(riscv_plic0.o)
                0x00000000200133a2                __metal_plic0_handler
 .text.__metal_driver_riscv_plic0_set_threshold
                0x000000002001341c       0x40 /mnt/e/PostGraduate/Cryptography/Code/Saber_RV32/bsp/install/lib/debug//libmetal.a(riscv_plic0.o)
                0x000000002001341c                __metal_driver_riscv_plic0_set_threshold
 .text.__metal_driver_riscv_plic0_get_threshold
                0x000000002001345c       0x34 /mnt/e/PostGraduate/Cryptography/Code/Saber_RV32/bsp/install/lib/debug//libmetal.a(riscv_plic0.o)
                0x000000002001345c                __metal_driver_riscv_plic0_get_threshold
 .text.__metal_driver_riscv_plic0_enable
                0x0000000020013490       0x5a /mnt/e/PostGraduate/Cryptography/Code/Saber_RV32/bsp/install/lib/debug//libmetal.a(riscv_plic0.o)
                0x0000000020013490                __metal_driver_riscv_plic0_enable
 .text.__metal_driver_riscv_plic0_disable
                0x00000000200134ea       0x5e /mnt/e/PostGraduate/Cryptography/Code/Saber_RV32/bsp/install/lib/debug//libmetal.a(riscv_plic0.o)
                0x00000000200134ea                __metal_driver_riscv_plic0_disable
 .text.__metal_driver_riscv_plic0_init
                0x0000000020013548      0x112 /mnt/e/PostGraduate/Cryptography/Code/Saber_RV32/bsp/install/lib/debug//libmetal.a(riscv_plic0.o)
                0x0000000020013548                __metal_driver_riscv_plic0_init
 .text.__metal_driver_sifive_fe310_g000_hfrosc_get_rate_hz
                0x000000002001365a       0x46 /mnt/e/PostGraduate/Cryptography/Code/Saber_RV32/bsp/install/lib/debug//libmetal.a(sifive_fe310-g000_hfrosc.o)
                0x000000002001365a                __metal_driver_sifive_fe310_g000_hfrosc_get_rate_hz
 .text.__metal_driver_sifive_fe310_g000_hfrosc_set_rate_hz
                0x00000000200136a0       0x46 /mnt/e/PostGraduate/Cryptography/Code/Saber_RV32/bsp/install/lib/debug//libmetal.a(sifive_fe310-g000_hfrosc.o)
                0x00000000200136a0                __metal_driver_sifive_fe310_g000_hfrosc_set_rate_hz
 .text.__metal_driver_sifive_fe310_g000_hfxosc_get_rate_hz
                0x00000000200136e6       0x3a /mnt/e/PostGraduate/Cryptography/Code/Saber_RV32/bsp/install/lib/debug//libmetal.a(sifive_fe310-g000_hfxosc.o)
                0x00000000200136e6                __metal_driver_sifive_fe310_g000_hfxosc_get_rate_hz
 .text.__metal_driver_sifive_fe310_g000_hfxosc_set_rate_hz
                0x0000000020013720       0x3a /mnt/e/PostGraduate/Cryptography/Code/Saber_RV32/bsp/install/lib/debug//libmetal.a(sifive_fe310-g000_hfxosc.o)
                0x0000000020013720                __metal_driver_sifive_fe310_g000_hfxosc_set_rate_hz
 .text.__metal_driver_sifive_fe310_g000_pll_config_base
                0x000000002001375a        0x6 /mnt/e/PostGraduate/Cryptography/Code/Saber_RV32/bsp/install/lib/debug//libmetal.a(sifive_fe310-g000_pll.o)
 .text.__metal_driver_sifive_fe310_g000_pll_config_offset
                0x0000000020013760        0x4 /mnt/e/PostGraduate/Cryptography/Code/Saber_RV32/bsp/install/lib/debug//libmetal.a(sifive_fe310-g000_pll.o)
 .text.__metal_driver_sifive_fe310_g000_pll_init
                0x0000000020013764       0x66 /mnt/e/PostGraduate/Cryptography/Code/Saber_RV32/bsp/install/lib/debug//libmetal.a(sifive_fe310-g000_pll.o)
                0x0000000020013764                __metal_driver_sifive_fe310_g000_pll_init
 .text.__metal_driver_sifive_fe310_g000_pll_get_rate_hz
                0x00000000200137ca       0xc6 /mnt/e/PostGraduate/Cryptography/Code/Saber_RV32/bsp/install/lib/debug//libmetal.a(sifive_fe310-g000_pll.o)
                0x00000000200137ca                __metal_driver_sifive_fe310_g000_pll_get_rate_hz
 .text.__metal_driver_sifive_fe310_g000_pll_set_rate_hz
                0x0000000020013890      0x1f4 /mnt/e/PostGraduate/Cryptography/Code/Saber_RV32/bsp/install/lib/debug//libmetal.a(sifive_fe310-g000_pll.o)
                0x0000000020013890                __metal_driver_sifive_fe310_g000_pll_set_rate_hz
 .text.__metal_driver_sifive_fe310_g000_prci_get_reg
                0x0000000020013a84        0xa /mnt/e/PostGraduate/Cryptography/Code/Saber_RV32/bsp/install/lib/debug//libmetal.a(sifive_fe310-g000_prci.o)
                0x0000000020013a84                __metal_driver_sifive_fe310_g000_prci_get_reg
 .text.__metal_driver_sifive_fe310_g000_prci_set_reg
                0x0000000020013a8e        0xc /mnt/e/PostGraduate/Cryptography/Code/Saber_RV32/bsp/install/lib/debug//libmetal.a(sifive_fe310-g000_prci.o)
                0x0000000020013a8e                __metal_driver_sifive_fe310_g000_prci_set_reg
 .text.__metal_driver_sifive_gpio0_enable_input
                0x0000000020013a9a       0x24 /mnt/e/PostGraduate/Cryptography/Code/Saber_RV32/bsp/install/lib/debug//libmetal.a(sifive_gpio0.o)
                0x0000000020013a9a                __metal_driver_sifive_gpio0_enable_input
 .text.__metal_driver_sifive_gpio0_disable_input
                0x0000000020013abe       0x2c /mnt/e/PostGraduate/Cryptography/Code/Saber_RV32/bsp/install/lib/debug//libmetal.a(sifive_gpio0.o)
                0x0000000020013abe                __metal_driver_sifive_gpio0_disable_input
 .text.__metal_driver_sifive_gpio0_input
                0x0000000020013aea       0x16 /mnt/e/PostGraduate/Cryptography/Code/Saber_RV32/bsp/install/lib/debug//libmetal.a(sifive_gpio0.o)
                0x0000000020013aea                __metal_driver_sifive_gpio0_input
 .text.__metal_driver_sifive_gpio0_output
                0x0000000020013b00       0x18 /mnt/e/PostGraduate/Cryptography/Code/Saber_RV32/bsp/install/lib/debug//libmetal.a(sifive_gpio0.o)
                0x0000000020013b00                __metal_driver_sifive_gpio0_output
 .text.__metal_driver_sifive_gpio0_disable_output
                0x0000000020013b18       0x2c /mnt/e/PostGraduate/Cryptography/Code/Saber_RV32/bsp/install/lib/debug//libmetal.a(sifive_gpio0.o)
                0x0000000020013b18                __metal_driver_sifive_gpio0_disable_output
 .text.__metal_driver_sifive_gpio0_enable_output
                0x0000000020013b44       0x24 /mnt/e/PostGraduate/Cryptography/Code/Saber_RV32/bsp/install/lib/debug//libmetal.a(sifive_gpio0.o)
                0x0000000020013b44                __metal_driver_sifive_gpio0_enable_output
 .text.__metal_driver_sifive_gpio0_output_set
                0x0000000020013b68       0x24 /mnt/e/PostGraduate/Cryptography/Code/Saber_RV32/bsp/install/lib/debug//libmetal.a(sifive_gpio0.o)
                0x0000000020013b68                __metal_driver_sifive_gpio0_output_set
 .text.__metal_driver_sifive_gpio0_output_clear
                0x0000000020013b8c       0x2c /mnt/e/PostGraduate/Cryptography/Code/Saber_RV32/bsp/install/lib/debug//libmetal.a(sifive_gpio0.o)
                0x0000000020013b8c                __metal_driver_sifive_gpio0_output_clear
 .text.__metal_driver_sifive_gpio0_output_toggle
                0x0000000020013bb8       0x24 /mnt/e/PostGraduate/Cryptography/Code/Saber_RV32/bsp/install/lib/debug//libmetal.a(sifive_gpio0.o)
                0x0000000020013bb8                __metal_driver_sifive_gpio0_output_toggle
 .text.__metal_driver_sifive_gpio0_enable_io
                0x0000000020013bdc       0x3c /mnt/e/PostGraduate/Cryptography/Code/Saber_RV32/bsp/install/lib/debug//libmetal.a(sifive_gpio0.o)
                0x0000000020013bdc                __metal_driver_sifive_gpio0_enable_io
 .text.__metal_driver_sifive_gpio0_disable_io
                0x0000000020013c18       0x30 /mnt/e/PostGraduate/Cryptography/Code/Saber_RV32/bsp/install/lib/debug//libmetal.a(sifive_gpio0.o)
                0x0000000020013c18                __metal_driver_sifive_gpio0_disable_io
 .text.__metal_driver_sifive_gpio0_config_int
                0x0000000020013c48       0xa8 /mnt/e/PostGraduate/Cryptography/Code/Saber_RV32/bsp/install/lib/debug//libmetal.a(sifive_gpio0.o)
                0x0000000020013c48                __metal_driver_sifive_gpio0_config_int
 .text.__metal_driver_sifive_gpio0_clear_int
                0x0000000020013cf0       0x88 /mnt/e/PostGraduate/Cryptography/Code/Saber_RV32/bsp/install/lib/debug//libmetal.a(sifive_gpio0.o)
                0x0000000020013cf0                __metal_driver_sifive_gpio0_clear_int
 .text.__metal_driver_gpio_interrupt_controller
                0x0000000020013d78       0x16 /mnt/e/PostGraduate/Cryptography/Code/Saber_RV32/bsp/install/lib/debug//libmetal.a(sifive_gpio0.o)
                0x0000000020013d78                __metal_driver_gpio_interrupt_controller
 .text.__metal_driver_gpio_get_interrupt_id
                0x0000000020013d8e      0x146 /mnt/e/PostGraduate/Cryptography/Code/Saber_RV32/bsp/install/lib/debug//libmetal.a(sifive_gpio0.o)
                0x0000000020013d8e                __metal_driver_gpio_get_interrupt_id
 .text.__metal_driver_sifive_uart0_interrupt_controller
                0x0000000020013ed4       0x26 /mnt/e/PostGraduate/Cryptography/Code/Saber_RV32/bsp/install/lib/debug//libmetal.a(sifive_uart0.o)
                0x0000000020013ed4                __metal_driver_sifive_uart0_interrupt_controller
 .text.__metal_driver_sifive_uart0_get_interrupt_id
                0x0000000020013efa       0x22 /mnt/e/PostGraduate/Cryptography/Code/Saber_RV32/bsp/install/lib/debug//libmetal.a(sifive_uart0.o)
                0x0000000020013efa                __metal_driver_sifive_uart0_get_interrupt_id
 .text.__metal_driver_sifive_uart0_tx_interrupt_enable
                0x0000000020013f1c       0x4a /mnt/e/PostGraduate/Cryptography/Code/Saber_RV32/bsp/install/lib/debug//libmetal.a(sifive_uart0.o)
                0x0000000020013f1c                __metal_driver_sifive_uart0_tx_interrupt_enable
 .text.__metal_driver_sifive_uart0_tx_interrupt_disable
                0x0000000020013f66       0x44 /mnt/e/PostGraduate/Cryptography/Code/Saber_RV32/bsp/install/lib/debug//libmetal.a(sifive_uart0.o)
                0x0000000020013f66                __metal_driver_sifive_uart0_tx_interrupt_disable
 .text.__metal_driver_sifive_uart0_rx_interrupt_enable
                0x0000000020013faa       0x4a /mnt/e/PostGraduate/Cryptography/Code/Saber_RV32/bsp/install/lib/debug//libmetal.a(sifive_uart0.o)
                0x0000000020013faa                __metal_driver_sifive_uart0_rx_interrupt_enable
 .text.__metal_driver_sifive_uart0_rx_interrupt_disable
                0x0000000020013ff4       0x44 /mnt/e/PostGraduate/Cryptography/Code/Saber_RV32/bsp/install/lib/debug//libmetal.a(sifive_uart0.o)
                0x0000000020013ff4                __metal_driver_sifive_uart0_rx_interrupt_disable
 .text.__metal_driver_sifive_uart0_txready
                0x0000000020014038       0x34 /mnt/e/PostGraduate/Cryptography/Code/Saber_RV32/bsp/install/lib/debug//libmetal.a(sifive_uart0.o)
                0x0000000020014038                __metal_driver_sifive_uart0_txready
 .text.__metal_driver_sifive_uart0_set_tx_watermark
                0x000000002001406c       0x5c /mnt/e/PostGraduate/Cryptography/Code/Saber_RV32/bsp/install/lib/debug//libmetal.a(sifive_uart0.o)
                0x000000002001406c                __metal_driver_sifive_uart0_set_tx_watermark
 .text.__metal_driver_sifive_uart0_get_tx_watermark
                0x00000000200140c8       0x3e /mnt/e/PostGraduate/Cryptography/Code/Saber_RV32/bsp/install/lib/debug//libmetal.a(sifive_uart0.o)
                0x00000000200140c8                __metal_driver_sifive_uart0_get_tx_watermark
 .text.__metal_driver_sifive_uart0_set_rx_watermark
                0x0000000020014106       0x5c /mnt/e/PostGraduate/Cryptography/Code/Saber_RV32/bsp/install/lib/debug//libmetal.a(sifive_uart0.o)
                0x0000000020014106                __metal_driver_sifive_uart0_set_rx_watermark
 .text.__metal_driver_sifive_uart0_get_rx_watermark
                0x0000000020014162       0x3e /mnt/e/PostGraduate/Cryptography/Code/Saber_RV32/bsp/install/lib/debug//libmetal.a(sifive_uart0.o)
                0x0000000020014162                __metal_driver_sifive_uart0_get_rx_watermark
 .text.__metal_driver_sifive_uart0_putc
                0x00000000200141a0       0x50 /mnt/e/PostGraduate/Cryptography/Code/Saber_RV32/bsp/install/lib/debug//libmetal.a(sifive_uart0.o)
                0x00000000200141a0                __metal_driver_sifive_uart0_putc
 .text.__metal_driver_sifive_uart0_getc
                0x00000000200141f0       0x3c /mnt/e/PostGraduate/Cryptography/Code/Saber_RV32/bsp/install/lib/debug//libmetal.a(sifive_uart0.o)
                0x00000000200141f0                __metal_driver_sifive_uart0_getc
 .text.__metal_driver_sifive_uart0_get_baud_rate
                0x000000002001422c        0x4 /mnt/e/PostGraduate/Cryptography/Code/Saber_RV32/bsp/install/lib/debug//libmetal.a(sifive_uart0.o)
                0x000000002001422c                __metal_driver_sifive_uart0_get_baud_rate
 .text.__metal_driver_sifive_uart0_set_baud_rate
                0x0000000020014230       0x98 /mnt/e/PostGraduate/Cryptography/Code/Saber_RV32/bsp/install/lib/debug//libmetal.a(sifive_uart0.o)
                0x0000000020014230                __metal_driver_sifive_uart0_set_baud_rate
 .text.pre_rate_change_callback_func
                0x00000000200142c8       0xa4 /mnt/e/PostGraduate/Cryptography/Code/Saber_RV32/bsp/install/lib/debug//libmetal.a(sifive_uart0.o)
 .text.post_rate_change_callback_func
                0x000000002001436c        0xa /mnt/e/PostGraduate/Cryptography/Code/Saber_RV32/bsp/install/lib/debug//libmetal.a(sifive_uart0.o)
 .text.__metal_driver_sifive_uart0_init
                0x0000000020014376       0xd2 /mnt/e/PostGraduate/Cryptography/Code/Saber_RV32/bsp/install/lib/debug//libmetal.a(sifive_uart0.o)
                0x0000000020014376                __metal_driver_sifive_uart0_init
 .text.metal_cpu_get
                0x0000000020014448        0xc /mnt/e/PostGraduate/Cryptography/Code/Saber_RV32/bsp/install/lib/debug//libmetal.a(cpu.o)
                0x0000000020014448                metal_cpu_get
 .text.metal_cpu_get_current_hartid
                0x0000000020014454        0x6 /mnt/e/PostGraduate/Cryptography/Code/Saber_RV32/bsp/install/lib/debug//libmetal.a(cpu.o)
                0x0000000020014454                metal_cpu_get_current_hartid
 .text.metal_shutdown
                0x000000002001445a        0x4 /mnt/e/PostGraduate/Cryptography/Code/Saber_RV32/bsp/install/lib/debug//libmetal.a(shutdown.o)
                0x000000002001445a                metal_shutdown
 *fill*         0x000000002001445e       0x22 
 .text          0x0000000020014480       0x80 /mnt/e/PostGraduate/Cryptography/Code/Saber_RV32/bsp/install/lib/debug//libmetal.a(vector.o)
                0x0000000020014480                __metal_vector_table
 .text.__metal_driver_fixed_clock_get_rate_hz
                0x0000000020014500       0x4e /mnt/e/PostGraduate/Cryptography/Code/Saber_RV32/bsp/install/lib/debug//libmetal.a(fixed-clock.o)
                0x0000000020014500                __metal_driver_fixed_clock_get_rate_hz
 .text.__metal_driver_fixed_clock_set_rate_hz
                0x000000002001454e       0x4e /mnt/e/PostGraduate/Cryptography/Code/Saber_RV32/bsp/install/lib/debug//libmetal.a(fixed-clock.o)
                0x000000002001454e                __metal_driver_fixed_clock_set_rate_hz
 .text._exit    0x000000002001459c        0x6 /mnt/e/PostGraduate/Cryptography/Code/Saber_RV32/bsp/install/lib/debug//libmetal-gloss.a(sys_exit.o)
                0x000000002001459c                _exit
 *(.gnu.linkonce.t.*)

.rela.dyn       0x00000000200145a4        0x0
 .rela.text._sbrk_r
                0x00000000200145a4        0x0 /tmp/ccUsOrsS.o
 .rela.text._write_r
                0x00000000200145a4        0x0 /tmp/ccUsOrsS.o
 .rela.text._close_r
                0x00000000200145a4        0x0 /tmp/ccUsOrsS.o
 .rela.text._fstat_r
                0x00000000200145a4        0x0 /tmp/ccUsOrsS.o
 .rela.text._isatty_r
                0x00000000200145a4        0x0 /tmp/ccUsOrsS.o
 .rela.text._lseek_r
                0x00000000200145a4        0x0 /tmp/ccUsOrsS.o
 .rela.text._read_r
                0x00000000200145a4        0x0 /tmp/ccUsOrsS.o
 .rela.text.metal.init.enter
                0x00000000200145a4        0x0 /tmp/ccUsOrsS.o
 .rela.text.metal.init.scrub
                0x00000000200145a4        0x0 /tmp/ccUsOrsS.o
 .rela.text.libgloss.start
                0x00000000200145a4        0x0 /tmp/ccUsOrsS.o
 .rela.text._sbrk
                0x00000000200145a4        0x0 /tmp/ccUsOrsS.o
 .rela.sdata.__brk
                0x00000000200145a4        0x0 /tmp/ccUsOrsS.o
 .rela.text.__libc_fini_array
                0x00000000200145a4        0x0 /tmp/ccUsOrsS.o
 .rela.text.__libc_init_array
                0x00000000200145a4        0x0 /tmp/ccUsOrsS.o
 .rela.text.__register_exitproc
                0x00000000200145a4        0x0 /tmp/ccUsOrsS.o
 .rela.text.metal_init_run
                0x00000000200145a4        0x0 /tmp/ccUsOrsS.o
 .rela.text.metal_fini_run
                0x00000000200145a4        0x0 /tmp/ccUsOrsS.o
 .rela.text     0x00000000200145a4        0x0 /tmp/ccUsOrsS.o

.data           0x0000000080000000      0xaec load address 0x00000000200145a8
 *(.data .data.*)
 .data.impure_data
                0x0000000080000000       0x60 /mnt/e/APP/RV64_GCC/riscv64-unknown-elf-gcc-8.3.0-2020.04.0-x86_64-linux-ubuntu14/bin/../lib/gcc/riscv64-unknown-elf/8.3.0/../../../../riscv64-unknown-elf/lib/rv32imac/ilp32/libc_nano.a(lib_a-impure.o)
 .data.__metal_dt_clock_0
                0x0000000080000060        0xc /mnt/e/PostGraduate/Cryptography/Code/Saber_RV32/bsp/install/lib/debug//libmetal.a(inline.o)
                0x0000000080000060                __metal_dt_clock_0
 .data.__metal_dt_clock_1
                0x000000008000006c        0xc /mnt/e/PostGraduate/Cryptography/Code/Saber_RV32/bsp/install/lib/debug//libmetal.a(inline.o)
                0x000000008000006c                __metal_dt_clock_1
 .data.__metal_dt_clock_2
                0x0000000080000078        0xc /mnt/e/PostGraduate/Cryptography/Code/Saber_RV32/bsp/install/lib/debug//libmetal.a(inline.o)
                0x0000000080000078                __metal_dt_clock_2
 .data.__metal_dt_clock_3
                0x0000000080000084        0xc /mnt/e/PostGraduate/Cryptography/Code/Saber_RV32/bsp/install/lib/debug//libmetal.a(inline.o)
                0x0000000080000084                __metal_dt_clock_3
 .data.__metal_dt_clock_4
                0x0000000080000090        0xc /mnt/e/PostGraduate/Cryptography/Code/Saber_RV32/bsp/install/lib/debug//libmetal.a(inline.o)
                0x0000000080000090                __metal_dt_clock_4
 .data.__metal_dt_clock_5
                0x000000008000009c        0xc /mnt/e/PostGraduate/Cryptography/Code/Saber_RV32/bsp/install/lib/debug//libmetal.a(inline.o)
                0x000000008000009c                __metal_dt_clock_5
 .data.__metal_dt_clock_6
                0x00000000800000a8        0xc /mnt/e/PostGraduate/Cryptography/Code/Saber_RV32/bsp/install/lib/debug//libmetal.a(inline.o)
                0x00000000800000a8                __metal_dt_clock_6
 *fill*         0x00000000800000b4        0x4 
 .data.__metal_dt_cpu_0_interrupt_controller
                0x00000000800000b8      0x3d0 /mnt/e/PostGraduate/Cryptography/Code/Saber_RV32/bsp/install/lib/debug//libmetal.a(inline.o)
                0x00000000800000b8                __metal_dt_cpu_0_interrupt_controller
 .data.__metal_dt_interrupt_controller_c000000
                0x0000000080000488      0x5d8 /mnt/e/PostGraduate/Cryptography/Code/Saber_RV32/bsp/install/lib/debug//libmetal.a(inline.o)
                0x0000000080000488                __metal_dt_interrupt_controller_c000000
 .data.__metal_dt_serial_10013000
                0x0000000080000a60       0x20 /mnt/e/PostGraduate/Cryptography/Code/Saber_RV32/bsp/install/lib/debug//libmetal.a(inline.o)
                0x0000000080000a60                __metal_dt_serial_10013000
 .data.__metal_dt_serial_10023000
                0x0000000080000a80       0x20 /mnt/e/PostGraduate/Cryptography/Code/Saber_RV32/bsp/install/lib/debug//libmetal.a(inline.o)
                0x0000000080000a80                __metal_dt_serial_10023000
 *(.gnu.linkonce.d.*)
                0x0000000080000aa0                . = ALIGN (0x8)
                0x00000000800012a0                PROVIDE (__global_pointer$ = (. + 0x800))
 *(.sdata .sdata.* .sdata2.*)
 .sdata._impure_ptr
                0x0000000080000aa0        0x4 /mnt/e/APP/RV64_GCC/riscv64-unknown-elf-gcc-8.3.0-2020.04.0-x86_64-linux-ubuntu14/bin/../lib/gcc/riscv64-unknown-elf/8.3.0/../../../../riscv64-unknown-elf/lib/rv32imac/ilp32/libc_nano.a(lib_a-impure.o)
                0x0000000080000aa0                _impure_ptr
 .sdata2._global_impure_ptr
                0x0000000080000aa4        0x4 /mnt/e/APP/RV64_GCC/riscv64-unknown-elf-gcc-8.3.0-2020.04.0-x86_64-linux-ubuntu14/bin/../lib/gcc/riscv64-unknown-elf/8.3.0/../../../../riscv64-unknown-elf/lib/rv32imac/ilp32/libc_nano.a(lib_a-impure.o)
                0x0000000080000aa4                _global_impure_ptr
 .sdata.__brk   0x0000000080000aa8        0x4 /mnt/e/PostGraduate/Cryptography/Code/Saber_RV32/bsp/install/lib/debug//libmetal-gloss.a(sys_sbrk.o)
 .sdata.__metal_dt_clint_2000000
                0x0000000080000aac        0x8 /mnt/e/PostGraduate/Cryptography/Code/Saber_RV32/bsp/install/lib/debug//libmetal.a(inline.o)
                0x0000000080000aac                __metal_dt_clint_2000000
 .sdata.__metal_dt_cpu_0
                0x0000000080000ab4        0x8 /mnt/e/PostGraduate/Cryptography/Code/Saber_RV32/bsp/install/lib/debug//libmetal.a(inline.o)
                0x0000000080000ab4                __metal_dt_cpu_0
 .sdata.__metal_dt_gpio_10012000
                0x0000000080000abc        0x4 /mnt/e/PostGraduate/Cryptography/Code/Saber_RV32/bsp/install/lib/debug//libmetal.a(inline.o)
                0x0000000080000abc                __metal_dt_gpio_10012000
 .sdata.__metal_dt_prci_10008000
                0x0000000080000ac0        0x4 /mnt/e/PostGraduate/Cryptography/Code/Saber_RV32/bsp/install/lib/debug//libmetal.a(inline.o)
                0x0000000080000ac0                __metal_dt_prci_10008000
 .sdata.__metal_cpu_table
                0x0000000080000ac4        0x4 /mnt/e/PostGraduate/Cryptography/Code/Saber_RV32/bsp/install/lib/debug//libmetal.a(riscv_cpu.o)
 .sdata2.__metal_driver_vtable_sifive_fe310_g000_hfrosc
                0x0000000080000ac8        0x8 /mnt/e/PostGraduate/Cryptography/Code/Saber_RV32/bsp/install/lib/debug//libmetal.a(sifive_fe310-g000_hfrosc.o)
                0x0000000080000ac8                __metal_driver_vtable_sifive_fe310_g000_hfrosc
 .sdata2.__metal_driver_vtable_sifive_fe310_g000_hfxosc
                0x0000000080000ad0        0x8 /mnt/e/PostGraduate/Cryptography/Code/Saber_RV32/bsp/install/lib/debug//libmetal.a(sifive_fe310-g000_hfxosc.o)
                0x0000000080000ad0                __metal_driver_vtable_sifive_fe310_g000_hfxosc
 .sdata2.__metal_driver_vtable_sifive_fe310_g000_prci
                0x0000000080000ad8        0x8 /mnt/e/PostGraduate/Cryptography/Code/Saber_RV32/bsp/install/lib/debug//libmetal.a(sifive_fe310-g000_prci.o)
                0x0000000080000ad8                __metal_driver_vtable_sifive_fe310_g000_prci
 .sdata.__metal_cpu_table
                0x0000000080000ae0        0x4 /mnt/e/PostGraduate/Cryptography/Code/Saber_RV32/bsp/install/lib/debug//libmetal.a(cpu.o)
 .sdata2.__metal_driver_vtable_fixed_clock
                0x0000000080000ae4        0x8 /mnt/e/PostGraduate/Cryptography/Code/Saber_RV32/bsp/install/lib/debug//libmetal.a(fixed-clock.o)
                0x0000000080000ae4                __metal_driver_vtable_fixed_clock
 *(.gnu.linkonce.s.*)

.tdata          0x0000000080000af0        0x0 load address 0x0000000020015098
                0x0000000080000af0                PROVIDE (__tls_base = .)
 *(.tdata .tdata.* .gnu.linkonce.td.*)
                [!provide]                        PROVIDE (__tdata_source = LOADADDR (.tdata))
                [!provide]                        PROVIDE (__tdata_size = SIZEOF (.tdata))
                0x00000000200145a8                PROVIDE (metal_segment_data_source_start = LOADADDR (.data))
                0x0000000080000000                PROVIDE (metal_segment_data_target_start = ADDR (.data))
                0x0000000080000af0                PROVIDE (metal_segment_data_target_end = (ADDR (.tdata) + SIZEOF (.tdata)))

.tbss           0x0000000080000af0        0x0
 *(.tbss .tbss.* .gnu.linkonce.tb.*)
 *(.tcommon .tcommon.*)
                [!provide]                        PROVIDE (__tls_end = .)
                0x0000000000000000                PROVIDE (__tbss_size = SIZEOF (.tbss))
                [!provide]                        PROVIDE (__tls_size = (__tls_end - __tls_base))

.tbss_space     0x0000000080000af0        0x0
                0x0000000080000af0                . = (. + __tbss_size)

.bss            0x0000000080000af0       0xa4
 *(.sbss*)
 .sbss.__malloc_free_list
                0x0000000080000af0        0x4 /mnt/e/APP/RV64_GCC/riscv64-unknown-elf-gcc-8.3.0-2020.04.0-x86_64-linux-ubuntu14/bin/../lib/gcc/riscv64-unknown-elf/8.3.0/../../../../riscv64-unknown-elf/lib/rv32imac/ilp32/libc_nano.a(lib_a-nano-mallocr.o)
                0x0000000080000af0                __malloc_free_list
 .sbss.__malloc_sbrk_start
                0x0000000080000af4        0x4 /mnt/e/APP/RV64_GCC/riscv64-unknown-elf-gcc-8.3.0-2020.04.0-x86_64-linux-ubuntu14/bin/../lib/gcc/riscv64-unknown-elf/8.3.0/../../../../riscv64-unknown-elf/lib/rv32imac/ilp32/libc_nano.a(lib_a-nano-mallocr.o)
                0x0000000080000af4                __malloc_sbrk_start
 .sbss._global_atexit
                0x0000000080000af8        0x4 /mnt/e/APP/RV64_GCC/riscv64-unknown-elf-gcc-8.3.0-2020.04.0-x86_64-linux-ubuntu14/bin/../lib/gcc/riscv64-unknown-elf/8.3.0/../../../../riscv64-unknown-elf/lib/rv32imac/ilp32/libc_nano.a(lib_a-__call_atexit.o)
                0x0000000080000af8                _global_atexit
 .sbss.fini_done.1540
                0x0000000080000afc        0x4 /mnt/e/PostGraduate/Cryptography/Code/Saber_RV32/bsp/install/lib/debug//libmetal.a(init.o)
 .sbss.init_done.1531
                0x0000000080000b00        0x4 /mnt/e/PostGraduate/Cryptography/Code/Saber_RV32/bsp/install/lib/debug//libmetal.a(init.o)
 *(.gnu.linkonce.sb.*)
 *(.bss .bss.*)
 .bss._global_atexit0
                0x0000000080000b04       0x8c /mnt/e/APP/RV64_GCC/riscv64-unknown-elf-gcc-8.3.0-2020.04.0-x86_64-linux-ubuntu14/bin/../lib/gcc/riscv64-unknown-elf/8.3.0/../../../../riscv64-unknown-elf/lib/rv32imac/ilp32/libc_nano.a(lib_a-__atexit.o)
 *(.gnu.linkonce.b.*)
 *(COMMON)
 COMMON         0x0000000080000b90        0x4 /mnt/e/APP/RV64_GCC/riscv64-unknown-elf-gcc-8.3.0-2020.04.0-x86_64-linux-ubuntu14/bin/../lib/gcc/riscv64-unknown-elf/8.3.0/../../../../riscv64-unknown-elf/lib/rv32imac/ilp32/libc_nano.a(lib_a-reent.o)
                0x0000000080000b90                errno
                [!provide]                        PROVIDE (metal_segment_bss_source_start = LOADADDR (.tbss))
                0x0000000080000af0                PROVIDE (metal_segment_bss_target_start = ADDR (.tbss))
                0x0000000080000b94                PROVIDE (metal_segment_bss_target_end = (ADDR (.bss) + SIZEOF (.bss)))

.stack          0x0000000080000ba0      0x400
                [!provide]                        PROVIDE (metal_segment_stack_begin = .)
                0x0000000080000fa0                . = (. + __stack_size)
 *fill*         0x0000000080000ba0      0x400 
                0x0000000080000fa0                PROVIDE (_sp = .)
                [!provide]                        PROVIDE (metal_segment_stack_end = .)

.heap           0x0000000080000fa0      0x800
                [!provide]                        PROVIDE (__end = .)
                [!provide]                        PROVIDE (__heap_start = .)
                0x0000000080000fa0                PROVIDE (metal_segment_heap_target_start = .)
                0x0000000000000800                . = DEFINED (__heap_max)?MIN ((LENGTH (ram) - (. - ORIGIN (ram))), 0x10000000):__heap_size
 *fill*         0x0000000080000fa0      0x800 
                0x00000000800017a0                PROVIDE (metal_segment_heap_target_end = .)
                [!provide]                        PROVIDE (_heap_end = .)
                [!provide]                        PROVIDE (__heap_end = .)

/DISCARD/
 *(.eh_frame .eh_frame.*)
OUTPUT(hello elf32-littleriscv)

.comment        0x0000000000000000       0x28
 .comment       0x0000000000000000       0x28 /tmp/ccUsOrsS.o
                                         0x29 (size before relaxing)
 .comment       0x0000000000000028       0x29 /mnt/e/APP/RV64_GCC/riscv64-unknown-elf-gcc-8.3.0-2020.04.0-x86_64-linux-ubuntu14/bin/../lib/gcc/riscv64-unknown-elf/8.3.0/../../../../riscv64-unknown-elf/lib/rv32imac/ilp32/libc_nano.a(lib_a-puts.o)
 .comment       0x0000000000000028       0x29 /mnt/e/APP/RV64_GCC/riscv64-unknown-elf-gcc-8.3.0-2020.04.0-x86_64-linux-ubuntu14/bin/../lib/gcc/riscv64-unknown-elf/8.3.0/../../../../riscv64-unknown-elf/lib/rv32imac/ilp32/libc_nano.a(lib_a-wbuf.o)
 .comment       0x0000000000000028       0x29 /mnt/e/APP/RV64_GCC/riscv64-unknown-elf-gcc-8.3.0-2020.04.0-x86_64-linux-ubuntu14/bin/../lib/gcc/riscv64-unknown-elf/8.3.0/../../../../riscv64-unknown-elf/lib/rv32imac/ilp32/libc_nano.a(lib_a-wsetup.o)
 .comment       0x0000000000000028       0x29 /mnt/e/APP/RV64_GCC/riscv64-unknown-elf-gcc-8.3.0-2020.04.0-x86_64-linux-ubuntu14/bin/../lib/gcc/riscv64-unknown-elf/8.3.0/../../../../riscv64-unknown-elf/lib/rv32imac/ilp32/libc_nano.a(lib_a-fflush.o)
 .comment       0x0000000000000028       0x29 /mnt/e/APP/RV64_GCC/riscv64-unknown-elf-gcc-8.3.0-2020.04.0-x86_64-linux-ubuntu14/bin/../lib/gcc/riscv64-unknown-elf/8.3.0/../../../../riscv64-unknown-elf/lib/rv32imac/ilp32/libc_nano.a(lib_a-findfp.o)
 .comment       0x0000000000000028       0x29 /mnt/e/APP/RV64_GCC/riscv64-unknown-elf-gcc-8.3.0-2020.04.0-x86_64-linux-ubuntu14/bin/../lib/gcc/riscv64-unknown-elf/8.3.0/../../../../riscv64-unknown-elf/lib/rv32imac/ilp32/libc_nano.a(lib_a-fwalk.o)
 .comment       0x0000000000000028       0x29 /mnt/e/APP/RV64_GCC/riscv64-unknown-elf-gcc-8.3.0-2020.04.0-x86_64-linux-ubuntu14/bin/../lib/gcc/riscv64-unknown-elf/8.3.0/../../../../riscv64-unknown-elf/lib/rv32imac/ilp32/libc_nano.a(lib_a-impure.o)
 .comment       0x0000000000000028       0x29 /mnt/e/APP/RV64_GCC/riscv64-unknown-elf-gcc-8.3.0-2020.04.0-x86_64-linux-ubuntu14/bin/../lib/gcc/riscv64-unknown-elf/8.3.0/../../../../riscv64-unknown-elf/lib/rv32imac/ilp32/libc_nano.a(lib_a-makebuf.o)
 .comment       0x0000000000000028       0x29 /mnt/e/APP/RV64_GCC/riscv64-unknown-elf-gcc-8.3.0-2020.04.0-x86_64-linux-ubuntu14/bin/../lib/gcc/riscv64-unknown-elf/8.3.0/../../../../riscv64-unknown-elf/lib/rv32imac/ilp32/libc_nano.a(lib_a-nano-freer.o)
 .comment       0x0000000000000028       0x29 /mnt/e/APP/RV64_GCC/riscv64-unknown-elf-gcc-8.3.0-2020.04.0-x86_64-linux-ubuntu14/bin/../lib/gcc/riscv64-unknown-elf/8.3.0/../../../../riscv64-unknown-elf/lib/rv32imac/ilp32/libc_nano.a(lib_a-nano-mallocr.o)
 .comment       0x0000000000000028       0x29 /mnt/e/APP/RV64_GCC/riscv64-unknown-elf-gcc-8.3.0-2020.04.0-x86_64-linux-ubuntu14/bin/../lib/gcc/riscv64-unknown-elf/8.3.0/../../../../riscv64-unknown-elf/lib/rv32imac/ilp32/libc_nano.a(lib_a-sbrkr.o)
 .comment       0x0000000000000028       0x29 /mnt/e/APP/RV64_GCC/riscv64-unknown-elf-gcc-8.3.0-2020.04.0-x86_64-linux-ubuntu14/bin/../lib/gcc/riscv64-unknown-elf/8.3.0/../../../../riscv64-unknown-elf/lib/rv32imac/ilp32/libc_nano.a(lib_a-stdio.o)
 .comment       0x0000000000000028       0x29 /mnt/e/APP/RV64_GCC/riscv64-unknown-elf-gcc-8.3.0-2020.04.0-x86_64-linux-ubuntu14/bin/../lib/gcc/riscv64-unknown-elf/8.3.0/../../../../riscv64-unknown-elf/lib/rv32imac/ilp32/libc_nano.a(lib_a-writer.o)
 .comment       0x0000000000000028       0x29 /mnt/e/APP/RV64_GCC/riscv64-unknown-elf-gcc-8.3.0-2020.04.0-x86_64-linux-ubuntu14/bin/../lib/gcc/riscv64-unknown-elf/8.3.0/../../../../riscv64-unknown-elf/lib/rv32imac/ilp32/libc_nano.a(lib_a-closer.o)
 .comment       0x0000000000000028       0x29 /mnt/e/APP/RV64_GCC/riscv64-unknown-elf-gcc-8.3.0-2020.04.0-x86_64-linux-ubuntu14/bin/../lib/gcc/riscv64-unknown-elf/8.3.0/../../../../riscv64-unknown-elf/lib/rv32imac/ilp32/libc_nano.a(lib_a-fstatr.o)
 .comment       0x0000000000000028       0x29 /mnt/e/APP/RV64_GCC/riscv64-unknown-elf-gcc-8.3.0-2020.04.0-x86_64-linux-ubuntu14/bin/../lib/gcc/riscv64-unknown-elf/8.3.0/../../../../riscv64-unknown-elf/lib/rv32imac/ilp32/libc_nano.a(lib_a-isattyr.o)
 .comment       0x0000000000000028       0x29 /mnt/e/APP/RV64_GCC/riscv64-unknown-elf-gcc-8.3.0-2020.04.0-x86_64-linux-ubuntu14/bin/../lib/gcc/riscv64-unknown-elf/8.3.0/../../../../riscv64-unknown-elf/lib/rv32imac/ilp32/libc_nano.a(lib_a-lseekr.o)
 .comment       0x0000000000000028       0x29 /mnt/e/APP/RV64_GCC/riscv64-unknown-elf-gcc-8.3.0-2020.04.0-x86_64-linux-ubuntu14/bin/../lib/gcc/riscv64-unknown-elf/8.3.0/../../../../riscv64-unknown-elf/lib/rv32imac/ilp32/libc_nano.a(lib_a-mlock.o)
 .comment       0x0000000000000028       0x29 /mnt/e/APP/RV64_GCC/riscv64-unknown-elf-gcc-8.3.0-2020.04.0-x86_64-linux-ubuntu14/bin/../lib/gcc/riscv64-unknown-elf/8.3.0/../../../../riscv64-unknown-elf/lib/rv32imac/ilp32/libc_nano.a(lib_a-readr.o)
 .comment       0x0000000000000028       0x29 /mnt/e/APP/RV64_GCC/riscv64-unknown-elf-gcc-8.3.0-2020.04.0-x86_64-linux-ubuntu14/bin/../lib/gcc/riscv64-unknown-elf/8.3.0/../../../../riscv64-unknown-elf/lib/rv32imac/ilp32/libc_nano.a(lib_a-reent.o)
 .comment       0x0000000000000028       0x29 /mnt/e/PostGraduate/Cryptography/Code/Saber_RV32/bsp/install/lib/debug//libmetal-gloss.a(sys_close.o)
 .comment       0x0000000000000028       0x29 /mnt/e/PostGraduate/Cryptography/Code/Saber_RV32/bsp/install/lib/debug//libmetal-gloss.a(sys_fstat.o)
 .comment       0x0000000000000028       0x29 /mnt/e/PostGraduate/Cryptography/Code/Saber_RV32/bsp/install/lib/debug//libmetal-gloss.a(sys_isatty.o)
 .comment       0x0000000000000028       0x29 /mnt/e/PostGraduate/Cryptography/Code/Saber_RV32/bsp/install/lib/debug//libmetal-gloss.a(sys_lseek.o)
 .comment       0x0000000000000028       0x29 /mnt/e/PostGraduate/Cryptography/Code/Saber_RV32/bsp/install/lib/debug//libmetal-gloss.a(sys_read.o)
 .comment       0x0000000000000028       0x29 /mnt/e/PostGraduate/Cryptography/Code/Saber_RV32/bsp/install/lib/debug//libmetal-gloss.a(sys_sbrk.o)
 .comment       0x0000000000000028       0x29 /mnt/e/PostGraduate/Cryptography/Code/Saber_RV32/bsp/install/lib/debug//libmetal-gloss.a(sys_write.o)
 .comment       0x0000000000000028       0x29 /mnt/e/APP/RV64_GCC/riscv64-unknown-elf-gcc-8.3.0-2020.04.0-x86_64-linux-ubuntu14/bin/../lib/gcc/riscv64-unknown-elf/8.3.0/../../../../riscv64-unknown-elf/lib/rv32imac/ilp32/libc_nano.a(lib_a-atexit.o)
 .comment       0x0000000000000028       0x29 /mnt/e/APP/RV64_GCC/riscv64-unknown-elf-gcc-8.3.0-2020.04.0-x86_64-linux-ubuntu14/bin/../lib/gcc/riscv64-unknown-elf/8.3.0/../../../../riscv64-unknown-elf/lib/rv32imac/ilp32/libc_nano.a(lib_a-errno.o)
 .comment       0x0000000000000028       0x29 /mnt/e/APP/RV64_GCC/riscv64-unknown-elf-gcc-8.3.0-2020.04.0-x86_64-linux-ubuntu14/bin/../lib/gcc/riscv64-unknown-elf/8.3.0/../../../../riscv64-unknown-elf/lib/rv32imac/ilp32/libc_nano.a(lib_a-exit.o)
 .comment       0x0000000000000028       0x29 /mnt/e/APP/RV64_GCC/riscv64-unknown-elf-gcc-8.3.0-2020.04.0-x86_64-linux-ubuntu14/bin/../lib/gcc/riscv64-unknown-elf/8.3.0/../../../../riscv64-unknown-elf/lib/rv32imac/ilp32/libc_nano.a(lib_a-fini.o)
 .comment       0x0000000000000028       0x29 /mnt/e/APP/RV64_GCC/riscv64-unknown-elf-gcc-8.3.0-2020.04.0-x86_64-linux-ubuntu14/bin/../lib/gcc/riscv64-unknown-elf/8.3.0/../../../../riscv64-unknown-elf/lib/rv32imac/ilp32/libc_nano.a(lib_a-init.o)
 .comment       0x0000000000000028       0x29 /mnt/e/APP/RV64_GCC/riscv64-unknown-elf-gcc-8.3.0-2020.04.0-x86_64-linux-ubuntu14/bin/../lib/gcc/riscv64-unknown-elf/8.3.0/../../../../riscv64-unknown-elf/lib/rv32imac/ilp32/libc_nano.a(lib_a-__atexit.o)
 .comment       0x0000000000000028       0x29 /mnt/e/APP/RV64_GCC/riscv64-unknown-elf-gcc-8.3.0-2020.04.0-x86_64-linux-ubuntu14/bin/../lib/gcc/riscv64-unknown-elf/8.3.0/../../../../riscv64-unknown-elf/lib/rv32imac/ilp32/libc_nano.a(lib_a-__call_atexit.o)
 .comment       0x0000000000000028       0x29 /mnt/e/PostGraduate/Cryptography/Code/Saber_RV32/bsp/install/lib/debug//libmetal.a(init.o)
 .comment       0x0000000000000028       0x29 /mnt/e/PostGraduate/Cryptography/Code/Saber_RV32/bsp/install/lib/debug//libmetal.a(synchronize_harts.o)
 .comment       0x0000000000000028       0x29 /mnt/e/PostGraduate/Cryptography/Code/Saber_RV32/bsp/install/lib/debug//libmetal.a(tty.o)
 .comment       0x0000000000000028       0x29 /mnt/e/PostGraduate/Cryptography/Code/Saber_RV32/bsp/install/lib/debug//libmetal.a(inline.o)
 .comment       0x0000000000000028       0x29 /mnt/e/PostGraduate/Cryptography/Code/Saber_RV32/bsp/install/lib/debug//libmetal.a(riscv_clint0.o)
 .comment       0x0000000000000028       0x29 /mnt/e/PostGraduate/Cryptography/Code/Saber_RV32/bsp/install/lib/debug//libmetal.a(riscv_cpu.o)
 .comment       0x0000000000000028       0x29 /mnt/e/PostGraduate/Cryptography/Code/Saber_RV32/bsp/install/lib/debug//libmetal.a(riscv_plic0.o)
 .comment       0x0000000000000028       0x29 /mnt/e/PostGraduate/Cryptography/Code/Saber_RV32/bsp/install/lib/debug//libmetal.a(sifive_fe310-g000_hfrosc.o)
 .comment       0x0000000000000028       0x29 /mnt/e/PostGraduate/Cryptography/Code/Saber_RV32/bsp/install/lib/debug//libmetal.a(sifive_fe310-g000_hfxosc.o)
 .comment       0x0000000000000028       0x29 /mnt/e/PostGraduate/Cryptography/Code/Saber_RV32/bsp/install/lib/debug//libmetal.a(sifive_fe310-g000_pll.o)
 .comment       0x0000000000000028       0x29 /mnt/e/PostGraduate/Cryptography/Code/Saber_RV32/bsp/install/lib/debug//libmetal.a(sifive_fe310-g000_prci.o)
 .comment       0x0000000000000028       0x29 /mnt/e/PostGraduate/Cryptography/Code/Saber_RV32/bsp/install/lib/debug//libmetal.a(sifive_gpio0.o)
 .comment       0x0000000000000028       0x29 /mnt/e/PostGraduate/Cryptography/Code/Saber_RV32/bsp/install/lib/debug//libmetal.a(sifive_uart0.o)
 .comment       0x0000000000000028       0x29 /mnt/e/PostGraduate/Cryptography/Code/Saber_RV32/bsp/install/lib/debug//libmetal.a(cpu.o)
 .comment       0x0000000000000028       0x29 /mnt/e/PostGraduate/Cryptography/Code/Saber_RV32/bsp/install/lib/debug//libmetal.a(shutdown.o)
 .comment       0x0000000000000028       0x29 /mnt/e/PostGraduate/Cryptography/Code/Saber_RV32/bsp/install/lib/debug//libmetal.a(fixed-clock.o)
 .comment       0x0000000000000028       0x29 /mnt/e/PostGraduate/Cryptography/Code/Saber_RV32/bsp/install/lib/debug//libmetal-gloss.a(sys_exit.o)

.riscv.attributes
                0x0000000000000000       0x2b
 .riscv.attributes
                0x0000000000000000       0x2b /tmp/ccUsOrsS.o
 .riscv.attributes
                0x000000000000002b       0x2b /mnt/e/APP/RV64_GCC/riscv64-unknown-elf-gcc-8.3.0-2020.04.0-x86_64-linux-ubuntu14/bin/../lib/gcc/riscv64-unknown-elf/8.3.0/../../../../riscv64-unknown-elf/lib/rv32imac/ilp32/libc_nano.a(lib_a-puts.o)
 .riscv.attributes
                0x0000000000000056       0x2b /mnt/e/APP/RV64_GCC/riscv64-unknown-elf-gcc-8.3.0-2020.04.0-x86_64-linux-ubuntu14/bin/../lib/gcc/riscv64-unknown-elf/8.3.0/../../../../riscv64-unknown-elf/lib/rv32imac/ilp32/libc_nano.a(lib_a-wbuf.o)
 .riscv.attributes
                0x0000000000000081       0x2b /mnt/e/APP/RV64_GCC/riscv64-unknown-elf-gcc-8.3.0-2020.04.0-x86_64-linux-ubuntu14/bin/../lib/gcc/riscv64-unknown-elf/8.3.0/../../../../riscv64-unknown-elf/lib/rv32imac/ilp32/libc_nano.a(lib_a-wsetup.o)
 .riscv.attributes
                0x00000000000000ac       0x2b /mnt/e/APP/RV64_GCC/riscv64-unknown-elf-gcc-8.3.0-2020.04.0-x86_64-linux-ubuntu14/bin/../lib/gcc/riscv64-unknown-elf/8.3.0/../../../../riscv64-unknown-elf/lib/rv32imac/ilp32/libc_nano.a(lib_a-fflush.o)
 .riscv.attributes
                0x00000000000000d7       0x2b /mnt/e/APP/RV64_GCC/riscv64-unknown-elf-gcc-8.3.0-2020.04.0-x86_64-linux-ubuntu14/bin/../lib/gcc/riscv64-unknown-elf/8.3.0/../../../../riscv64-unknown-elf/lib/rv32imac/ilp32/libc_nano.a(lib_a-findfp.o)
 .riscv.attributes
                0x0000000000000102       0x2b /mnt/e/APP/RV64_GCC/riscv64-unknown-elf-gcc-8.3.0-2020.04.0-x86_64-linux-ubuntu14/bin/../lib/gcc/riscv64-unknown-elf/8.3.0/../../../../riscv64-unknown-elf/lib/rv32imac/ilp32/libc_nano.a(lib_a-fwalk.o)
 .riscv.attributes
                0x000000000000012d       0x2b /mnt/e/APP/RV64_GCC/riscv64-unknown-elf-gcc-8.3.0-2020.04.0-x86_64-linux-ubuntu14/bin/../lib/gcc/riscv64-unknown-elf/8.3.0/../../../../riscv64-unknown-elf/lib/rv32imac/ilp32/libc_nano.a(lib_a-impure.o)
 .riscv.attributes
                0x0000000000000158       0x2b /mnt/e/APP/RV64_GCC/riscv64-unknown-elf-gcc-8.3.0-2020.04.0-x86_64-linux-ubuntu14/bin/../lib/gcc/riscv64-unknown-elf/8.3.0/../../../../riscv64-unknown-elf/lib/rv32imac/ilp32/libc_nano.a(lib_a-makebuf.o)
 .riscv.attributes
                0x0000000000000183       0x29 /mnt/e/APP/RV64_GCC/riscv64-unknown-elf-gcc-8.3.0-2020.04.0-x86_64-linux-ubuntu14/bin/../lib/gcc/riscv64-unknown-elf/8.3.0/../../../../riscv64-unknown-elf/lib/rv32imac/ilp32/libc_nano.a(lib_a-memset.o)
 .riscv.attributes
                0x00000000000001ac       0x2b /mnt/e/APP/RV64_GCC/riscv64-unknown-elf-gcc-8.3.0-2020.04.0-x86_64-linux-ubuntu14/bin/../lib/gcc/riscv64-unknown-elf/8.3.0/../../../../riscv64-unknown-elf/lib/rv32imac/ilp32/libc_nano.a(lib_a-nano-freer.o)
 .riscv.attributes
                0x00000000000001d7       0x2b /mnt/e/APP/RV64_GCC/riscv64-unknown-elf-gcc-8.3.0-2020.04.0-x86_64-linux-ubuntu14/bin/../lib/gcc/riscv64-unknown-elf/8.3.0/../../../../riscv64-unknown-elf/lib/rv32imac/ilp32/libc_nano.a(lib_a-nano-mallocr.o)
 .riscv.attributes
                0x0000000000000202       0x2b /mnt/e/APP/RV64_GCC/riscv64-unknown-elf-gcc-8.3.0-2020.04.0-x86_64-linux-ubuntu14/bin/../lib/gcc/riscv64-unknown-elf/8.3.0/../../../../riscv64-unknown-elf/lib/rv32imac/ilp32/libc_nano.a(lib_a-sbrkr.o)
 .riscv.attributes
                0x000000000000022d       0x2b /mnt/e/APP/RV64_GCC/riscv64-unknown-elf-gcc-8.3.0-2020.04.0-x86_64-linux-ubuntu14/bin/../lib/gcc/riscv64-unknown-elf/8.3.0/../../../../riscv64-unknown-elf/lib/rv32imac/ilp32/libc_nano.a(lib_a-stdio.o)
 .riscv.attributes
                0x0000000000000258       0x2b /mnt/e/APP/RV64_GCC/riscv64-unknown-elf-gcc-8.3.0-2020.04.0-x86_64-linux-ubuntu14/bin/../lib/gcc/riscv64-unknown-elf/8.3.0/../../../../riscv64-unknown-elf/lib/rv32imac/ilp32/libc_nano.a(lib_a-writer.o)
 .riscv.attributes
                0x0000000000000283       0x2b /mnt/e/APP/RV64_GCC/riscv64-unknown-elf-gcc-8.3.0-2020.04.0-x86_64-linux-ubuntu14/bin/../lib/gcc/riscv64-unknown-elf/8.3.0/../../../../riscv64-unknown-elf/lib/rv32imac/ilp32/libc_nano.a(lib_a-closer.o)
 .riscv.attributes
                0x00000000000002ae       0x2b /mnt/e/APP/RV64_GCC/riscv64-unknown-elf-gcc-8.3.0-2020.04.0-x86_64-linux-ubuntu14/bin/../lib/gcc/riscv64-unknown-elf/8.3.0/../../../../riscv64-unknown-elf/lib/rv32imac/ilp32/libc_nano.a(lib_a-fstatr.o)
 .riscv.attributes
                0x00000000000002d9       0x2b /mnt/e/APP/RV64_GCC/riscv64-unknown-elf-gcc-8.3.0-2020.04.0-x86_64-linux-ubuntu14/bin/../lib/gcc/riscv64-unknown-elf/8.3.0/../../../../riscv64-unknown-elf/lib/rv32imac/ilp32/libc_nano.a(lib_a-isattyr.o)
 .riscv.attributes
                0x0000000000000304       0x2b /mnt/e/APP/RV64_GCC/riscv64-unknown-elf-gcc-8.3.0-2020.04.0-x86_64-linux-ubuntu14/bin/../lib/gcc/riscv64-unknown-elf/8.3.0/../../../../riscv64-unknown-elf/lib/rv32imac/ilp32/libc_nano.a(lib_a-lseekr.o)
 .riscv.attributes
                0x000000000000032f       0x2b /mnt/e/APP/RV64_GCC/riscv64-unknown-elf-gcc-8.3.0-2020.04.0-x86_64-linux-ubuntu14/bin/../lib/gcc/riscv64-unknown-elf/8.3.0/../../../../riscv64-unknown-elf/lib/rv32imac/ilp32/libc_nano.a(lib_a-mlock.o)
 .riscv.attributes
                0x000000000000035a       0x2b /mnt/e/APP/RV64_GCC/riscv64-unknown-elf-gcc-8.3.0-2020.04.0-x86_64-linux-ubuntu14/bin/../lib/gcc/riscv64-unknown-elf/8.3.0/../../../../riscv64-unknown-elf/lib/rv32imac/ilp32/libc_nano.a(lib_a-readr.o)
 .riscv.attributes
                0x0000000000000385       0x2b /mnt/e/APP/RV64_GCC/riscv64-unknown-elf-gcc-8.3.0-2020.04.0-x86_64-linux-ubuntu14/bin/../lib/gcc/riscv64-unknown-elf/8.3.0/../../../../riscv64-unknown-elf/lib/rv32imac/ilp32/libc_nano.a(lib_a-reent.o)
 .riscv.attributes
                0x00000000000003b0       0x29 /mnt/e/PostGraduate/Cryptography/Code/Saber_RV32/bsp/install/lib/debug//libmetal.a(entry.o)
 .riscv.attributes
                0x00000000000003d9       0x29 /mnt/e/PostGraduate/Cryptography/Code/Saber_RV32/bsp/install/lib/debug//libmetal.a(scrub.o)
 .riscv.attributes
                0x0000000000000402       0x29 /mnt/e/PostGraduate/Cryptography/Code/Saber_RV32/bsp/install/lib/debug//libmetal.a(trap.o)
 .riscv.attributes
                0x000000000000042b       0x29 /mnt/e/PostGraduate/Cryptography/Code/Saber_RV32/bsp/install/lib/debug//libmetal-gloss.a(crt0.o)
 .riscv.attributes
                0x0000000000000454       0x2b /mnt/e/PostGraduate/Cryptography/Code/Saber_RV32/bsp/install/lib/debug//libmetal-gloss.a(sys_close.o)
 .riscv.attributes
                0x000000000000047f       0x2b /mnt/e/PostGraduate/Cryptography/Code/Saber_RV32/bsp/install/lib/debug//libmetal-gloss.a(sys_fstat.o)
 .riscv.attributes
                0x00000000000004aa       0x2b /mnt/e/PostGraduate/Cryptography/Code/Saber_RV32/bsp/install/lib/debug//libmetal-gloss.a(sys_isatty.o)
 .riscv.attributes
                0x00000000000004d5       0x2b /mnt/e/PostGraduate/Cryptography/Code/Saber_RV32/bsp/install/lib/debug//libmetal-gloss.a(sys_lseek.o)
 .riscv.attributes
                0x0000000000000500       0x2b /mnt/e/PostGraduate/Cryptography/Code/Saber_RV32/bsp/install/lib/debug//libmetal-gloss.a(sys_read.o)
 .riscv.attributes
                0x000000000000052b       0x2b /mnt/e/PostGraduate/Cryptography/Code/Saber_RV32/bsp/install/lib/debug//libmetal-gloss.a(sys_sbrk.o)
 .riscv.attributes
                0x0000000000000556       0x2b /mnt/e/PostGraduate/Cryptography/Code/Saber_RV32/bsp/install/lib/debug//libmetal-gloss.a(sys_write.o)
 .riscv.attributes
                0x0000000000000581       0x2b /mnt/e/APP/RV64_GCC/riscv64-unknown-elf-gcc-8.3.0-2020.04.0-x86_64-linux-ubuntu14/bin/../lib/gcc/riscv64-unknown-elf/8.3.0/../../../../riscv64-unknown-elf/lib/rv32imac/ilp32/libc_nano.a(lib_a-atexit.o)
 .riscv.attributes
                0x00000000000005ac       0x2b /mnt/e/APP/RV64_GCC/riscv64-unknown-elf-gcc-8.3.0-2020.04.0-x86_64-linux-ubuntu14/bin/../lib/gcc/riscv64-unknown-elf/8.3.0/../../../../riscv64-unknown-elf/lib/rv32imac/ilp32/libc_nano.a(lib_a-errno.o)
 .riscv.attributes
                0x00000000000005d7       0x2b /mnt/e/APP/RV64_GCC/riscv64-unknown-elf-gcc-8.3.0-2020.04.0-x86_64-linux-ubuntu14/bin/../lib/gcc/riscv64-unknown-elf/8.3.0/../../../../riscv64-unknown-elf/lib/rv32imac/ilp32/libc_nano.a(lib_a-exit.o)
 .riscv.attributes
                0x0000000000000602       0x2b /mnt/e/APP/RV64_GCC/riscv64-unknown-elf-gcc-8.3.0-2020.04.0-x86_64-linux-ubuntu14/bin/../lib/gcc/riscv64-unknown-elf/8.3.0/../../../../riscv64-unknown-elf/lib/rv32imac/ilp32/libc_nano.a(lib_a-fini.o)
 .riscv.attributes
                0x000000000000062d       0x2b /mnt/e/APP/RV64_GCC/riscv64-unknown-elf-gcc-8.3.0-2020.04.0-x86_64-linux-ubuntu14/bin/../lib/gcc/riscv64-unknown-elf/8.3.0/../../../../riscv64-unknown-elf/lib/rv32imac/ilp32/libc_nano.a(lib_a-init.o)
 .riscv.attributes
                0x0000000000000658       0x2b /mnt/e/APP/RV64_GCC/riscv64-unknown-elf-gcc-8.3.0-2020.04.0-x86_64-linux-ubuntu14/bin/../lib/gcc/riscv64-unknown-elf/8.3.0/../../../../riscv64-unknown-elf/lib/rv32imac/ilp32/libc_nano.a(lib_a-__atexit.o)
 .riscv.attributes
                0x0000000000000683       0x2b /mnt/e/APP/RV64_GCC/riscv64-unknown-elf-gcc-8.3.0-2020.04.0-x86_64-linux-ubuntu14/bin/../lib/gcc/riscv64-unknown-elf/8.3.0/../../../../riscv64-unknown-elf/lib/rv32imac/ilp32/libc_nano.a(lib_a-__call_atexit.o)
 .riscv.attributes
                0x00000000000006ae       0x2b /mnt/e/PostGraduate/Cryptography/Code/Saber_RV32/bsp/install/lib/debug//libmetal.a(init.o)
 .riscv.attributes